******************************************************************************
                  TI ARM Linker PC v20.2.7                     
******************************************************************************
>> Linked Thu Dec  5 15:50:40 2024

OUTPUT FILE NAME:   <Robot_Nils_Arthur.out>
ENTRY POINT SYMBOL: "_c_int00_noargs"  address: 00003e9d


MEMORY CONFIGURATION

         name            origin    length      used     unused   attr    fill
----------------------  --------  ---------  --------  --------  ----  --------
  MAIN                  00000000   00040000  000042f0  0003bd10  R  X
  INFO                  00200000   00004000  00000000  00004000  R  X
  SRAM_CODE             01000000   00010000  000009e6  0000f61a  RW X
  SRAM_DATA             20000000   00010000  000009e6  0000f61a  RW  


SEGMENT ALLOCATION MAP

run origin  load origin   length   init length attrs members
----------  ----------- ---------- ----------- ----- -------
00000000    00000000    000042f0   000042f0    r-x
  00000000    00000000    000000e4   000000e4    r-- .intvecs
  000000e4    000000e4    00004048   00004048    r-x .text
  0000412c    0000412c    0000012c   0000012c    r-- .const
  00004258    00004258    00000098   00000098    r-- .cinit
20000000    20000000    000007e6   00000000    rw-
  20000000    20000000    00000400   00000000    rw- .sysmem
  20000400    20000400    00000210   00000000    rw- .data
  20000610    20000610    000001d6   00000000    rw- .bss
2000fe00    2000fe00    00000200   00000000    rw-
  2000fe00    2000fe00    00000200   00000000    rw- .stack


SECTION ALLOCATION MAP

 output                                  attributes/
section   page    origin      length       input sections
--------  ----  ----------  ----------   ----------------
.intvecs   0    00000000    000000e4     
                  00000000    000000e4     startup_msp432p401r_ccs.obj (.intvecs:retain)

.text      0    000000e4    00004048     
                  000000e4    00000a4e     rtsv7M4_T_le_v4SPD16_eabi.lib : _printfi.c.obj (.text:__TI_printfi)
                  00000b32    00000002                                   : _lock.c.obj (.text:_nop)
                  00000b34    00000630     TExaS.obj (.text)
                  00001164    00000390     main.obj (.text)
                  000014f4    00000334     system_msp432p401r.obj (.text)
                  00001828    00000270     rtsv7M4_T_le_v4SPD16_eabi.lib : _printfi.c.obj (.text:_pconv_a)
                  00001a98    00000228     pwm.obj (.text)
                  00001cc0    000001e0     Clock.obj (.text)
                  00001ea0    000001d0     rtsv7M4_T_le_v4SPD16_eabi.lib : _printfi.c.obj (.text:_pconv_g)
                  00002070    000001b6                                   : fd_add_t2.asm.obj (.text)
                  00002226    00000002                                   : div0.asm.obj (.text)
                  00002228    00000190     reflectance.obj (.text)
                  000023b8    0000017c     Motor.obj (.text)
                  00002534    0000013c     rtsv7M4_T_le_v4SPD16_eabi.lib : _printfi.c.obj (.text:_pconv_e)
                  00002670    00000136                                   : fd_div_t2.asm.obj (.text)
                  000027a6    00000002     --HOLE-- [fill = 0]
                  000027a8    00000124                                   : _printfi.c.obj (.text:fcvt)
                  000028cc    00000114                                   : fputs.c.obj (.text:fputs)
                  000029e0    00000110                                   : s_scalbn.c.obj (.text:scalbn)
                  00002af0    00000100                                   : memory.c.obj (.text:aligned_alloc)
                  00002bf0    000000fc                                   : fd_mul_t2.asm.obj (.text)
                  00002cec    000000f8     LaunchPad.obj (.text)
                  00002de4    000000e4     rtsv7M4_T_le_v4SPD16_eabi.lib : memory.c.obj (.text:free)
                  00002ec8    000000dc                                   : setvbuf.c.obj (.text:setvbuf)
                  00002fa4    000000b1                                   : _printfi.c.obj (.text:_ltostr)
                  00003055    00000003     --HOLE-- [fill = 0]
                  00003058    000000a8     TimerA1.obj (.text)
                  00003100    0000009c     rtsv7M4_T_le_v4SPD16_eabi.lib : memcpy_t2.asm.obj (.text)
                  0000319c    00000096                                   : ull_div_t2.asm.obj (.text)
                  00003232    00000002     --HOLE-- [fill = 0]
                  00003234    0000008c                                   : fputc.c.obj (.text:fputc)
                  000032c0    00000086                                   : fd_cmp_t2.asm.obj (.text:__aeabi_cdcmple)
                  00003346    00000086                                   : fd_cmp_t2.asm.obj (.text:__aeabi_cdrcmple)
                  000033cc    0000007a                                   : memset_t2.asm.obj (.text)
                  00003446    00000002     --HOLE-- [fill = 0]
                  00003448    00000078     Bump.obj (.text)
                  000034c0    00000074     rtsv7M4_T_le_v4SPD16_eabi.lib : fclose.c.obj (.text:__TI_closefile)
                  00003534    00000070                                   : memory.c.obj (.text:split)
                  000035a4    0000006e                                   : _printfi.c.obj (.text:_mcpy)
                  00003612    00000002     --HOLE-- [fill = 0]
                  00003614    0000006c                                   : hostrename.c.obj (.text:HOSTrename)
                  00003680    00000068                                   : hostlseek.c.obj (.text:HOSTlseek)
                  000036e8    00000068                                   : copy_decompress_lzss.c.obj (.text:decompress:lzss:__TI_decompress_lzss)
                  00003750    00000068                                   : printf.c.obj (.text:printf)
                  000037b8    00000064                                   : s_frexp.c.obj (.text:frexp)
                  0000381c    00000064                                   : fseek.c.obj (.text:fseek)
                  00003880    00000062                                   : _io_perm.c.obj (.text:__TI_wrt_ok)
                  000038e2    00000002     --HOLE-- [fill = 0]
                  000038e4    00000060                                   : hostopen.c.obj (.text:HOSTopen)
                  00003944    0000005c                                   : close.c.obj (.text:close)
                  000039a0    00000058                                   : hostread.c.obj (.text:HOSTread)
                  000039f8    00000058                                   : hostwrite.c.obj (.text:HOSTwrite)
                  00003a50    00000056                                   : _printfi.c.obj (.text:_pconv_f)
                  00003aa6    00000054                                   : _ltoa.c.obj (.text:__TI_ltoa)
                  00003afa    00000052                                   : _printfi.c.obj (.text:_ecpy)
                  00003b4c    0000004c                                   : fflush.c.obj (.text:__TI_doflush)
                  00003b98    0000004c                                   : atoi.c.obj (.text:atoi)
                  00003be4    00000048                                   : exit.c.obj (.text:exit)
                  00003c2c    00000048                                   : fd_toi_t2.asm.obj (.text)
                  00003c74    00000044                                   : hostclose.c.obj (.text:HOSTclose)
                  00003cb8    00000044                                   : hostunlink.c.obj (.text:HOSTunlink)
                  00003cfc    00000044                                   : autoinit.c.obj (.text:__TI_auto_init_nobinit_nopinit:__TI_auto_init_nobinit_nopinit)
                  00003d40    00000044                                   : getdevice.c.obj (.text:getdevice)
                  00003d84    0000003e                                   : _printfi.c.obj (.text:_fcpy)
                  00003dc2    00000002     --HOLE-- [fill = 0]
                  00003dc4    00000038                                   : trgmsg.c.obj (.text:__TI_writemsg)
                  00003dfc    00000036                                   : strncpy.c.obj (.text:strncpy)
                  00003e32    00000002     --HOLE-- [fill = 0]
                  00003e34    00000034                                   : fopen.c.obj (.text:__TI_cleanup)
                  00003e68    00000034                                   : trgmsg.c.obj (.text:__TI_readmsg)
                  00003e9c    00000034                                   : boot_cortex_m.c.obj (.text:_c_int00_noargs:_c_int00_noargs)
                  00003ed0    00000030                                   : getdevice.c.obj (.text:finddevice)
                  00003f00    0000002e                                   : i_tofd_t2.asm.obj (.text)
                  00003f2e    00000002     --HOLE-- [fill = 0]
                  00003f30    0000002c                                   : unlink.c.obj (.text:unlink)
                  00003f5c    00000028                                   : memory.c.obj (.text:free_list_insert)
                  00003f84    00000028                                   : lseek.c.obj (.text:lseek)
                  00003fac    00000028                                   : write.c.obj (.text:write)
                  00003fd4    00000024     CortexM.obj (.text)
                  00003ff8    00000020     rtsv7M4_T_le_v4SPD16_eabi.lib : memchr.c.obj (.text:memchr)
                  00004018    0000001c                                   : copy_zero_init.c.obj (.text:decompress:ZI:__TI_zero_init_nomemset:__TI_zero_init_nomemset)
                  00004034    0000001c                                   : memory.c.obj (.text:free_list_remove)
                  00004050    0000001c                                   : memccpy.c.obj (.text:memccpy)
                  0000406c    0000001a                                   : s_copysign.c.obj (.text:copysign)
                  00004086    00000018                                   : strcmp.c.obj (.text:strcmp)
                  0000409e    00000016                                   : strchr.c.obj (.text:strchr)
                  000040b4    00000014                                   : strcpy.c.obj (.text:strcpy)
                  000040c8    00000014                                   : strlen.c.obj (.text:strlen)
                  000040dc    00000012                                   : wcslen.c.obj (.text:wcslen)
                  000040ee    0000000e                                   : copy_decompress_none.c.obj (.text:decompress:none:__TI_decompress_none)
                  000040fc    0000000e     startup_msp432p401r_ccs.obj (.text)
                  0000410a    00000002     --HOLE-- [fill = 0]
                  0000410c    00000008     rtsv7M4_T_le_v4SPD16_eabi.lib : errno.c.obj (.text:__aeabi_errno_addr)
                  00004114    00000008                                   : memory.c.obj (.text:malloc)
                  0000411c    00000004                                   : printf.c.obj (.text:_outc)
                  00004120    00000004                                   : printf.c.obj (.text:_outs)
                  00004124    00000004                                   : pre_init.c.obj (.text:_system_pre_init)
                  00004128    00000004                                   : exit.c.obj (.text:abort:abort)

.const     0    0000412c    0000012c     
                  0000412c    00000101     rtsv7M4_T_le_v4SPD16_eabi.lib : ctype.c.obj (.const:.string:_ctypes_)
                  0000422d    00000003     --HOLE-- [fill = 0]
                  00004230    00000020     reflectance.obj (.const:$P$T0$1)
                  00004250    00000008     reflectance.obj (.const:.string:$P$T1$2)

.cinit     0    00004258    00000098     
                  00004258    0000006f     (.cinit..data.load) [load image, compression = lzss]
                  000042c7    00000001     --HOLE-- [fill = 0]
                  000042c8    0000000c     (__TI_handler_table)
                  000042d4    00000004     --HOLE-- [fill = 0]
                  000042d8    00000008     (.cinit..bss.load) [load image, compression = zero_init]
                  000042e0    00000010     (__TI_cinit_table)

.init_array 
*          0    00000000    00000000     UNINITIALIZED

.binit     0    00000000    00000000     

.sysmem    0    20000000    00000400     UNINITIALIZED
                  20000000    00000010     rtsv7M4_T_le_v4SPD16_eabi.lib : memory.c.obj (.sysmem)
                  20000010    000003f0     --HOLE--

.data      0    20000400    00000210     UNINITIALIZED
                  20000400    000000f0     rtsv7M4_T_le_v4SPD16_eabi.lib : defs.c.obj (.data:_ftable)
                  200004f0    00000078                                   : host_device.c.obj (.data:_device)
                  20000568    00000050                                   : host_device.c.obj (.data:_stream)
                  200005b8    00000018     Clock.obj (.data)
                  200005d0    00000010     rtsv7M4_T_le_v4SPD16_eabi.lib : defs.c.obj (.data)
                  200005e0    0000000c                                   : exit.c.obj (.data:$O1$$)
                  200005ec    0000000c     TExaS.obj (.data)
                  200005f8    00000008     rtsv7M4_T_le_v4SPD16_eabi.lib : _lock.c.obj (.data:$O1$$)
                  20000600    00000008                                   : memory.c.obj (.data:$O1$$)
                  20000608    00000004                                   : errno.c.obj (.data)
                  2000060c    00000004     system_msp432p401r.obj (.data)

.bss       0    20000610    000001d6     UNINITIALIZED
                  20000610    00000120     rtsv7M4_T_le_v4SPD16_eabi.lib : trgmsg.c.obj (.bss:_CIOBUF_)
                  20000730    000000a0     (.common:__TI_tmpnams)
                  200007d0    00000008     (.common:parmbuf)
                  200007d8    00000004     (.common:PeriodicTask2)
                  200007dc    00000004     (.common:Position)
                  200007e0    00000004     (.common:TimerA1Task)
                  200007e4    00000001     (.common:Data)
                  200007e5    00000001     (.common:LogicData)

.stack     0    2000fe00    00000200     UNINITIALIZED
                  2000fe00    00000004     rtsv7M4_T_le_v4SPD16_eabi.lib : boot_cortex_m.c.obj (.stack)
                  2000fe04    000001fc     --HOLE--

__llvm_prf_cnts 
*          0    20000000    00000000     UNINITIALIZED

MODULE SUMMARY

       Module                        code    ro data   rw data
       ------                        ----    -------   -------
    ..\
       Bump.obj                      120     0         0      
    +--+-----------------------------+-------+---------+---------+
       Total:                        120     0         0      
                                                              
    .\
       TExaS.obj                     1584    0         34     
       main.obj                      912     0         10     
       system_msp432p401r.obj        820     0         8      
       pwm.obj                       552     0         0      
       Clock.obj                     480     0         48     
       reflectance.obj               400     40        0      
       Motor.obj                     380     0         0      
       LaunchPad.obj                 248     0         0      
       startup_msp432p401r_ccs.obj   14      228       0      
       TimerA1.obj                   168     0         8      
       CortexM.obj                   36      0         0      
    +--+-----------------------------+-------+---------+---------+
       Total:                        5594    268       108    
                                                              
    C:\ti\ccs1281\ccs\tools\compiler\ti-cgt-arm_20.2.7.LTS\lib\rtsv7M4_T_le_v4SPD16_eabi.lib
       _printfi.c.obj                4851    0         0      
       defs.c.obj                    0       0         832    
       memory.c.obj                  672     0         16     
       trgmsg.c.obj                  108     0         576    
       fd_add_t2.asm.obj             438     0         0      
       host_device.c.obj             0       0         400    
       fd_div_t2.asm.obj             310     0         0      
       fputs.c.obj                   276     0         0      
       s_scalbn.c.obj                272     0         0      
       fd_cmp_t2.asm.obj             268     0         0      
       ctype.c.obj                   0       257       0      
       fd_mul_t2.asm.obj             252     0         0      
       setvbuf.c.obj                 220     0         0      
       memcpy_t2.asm.obj             156     0         0      
       ull_div_t2.asm.obj            150     0         0      
       fputc.c.obj                   140     0         0      
       memset_t2.asm.obj             122     0         0      
       fclose.c.obj                  116     0         0      
       getdevice.c.obj               116     0         0      
       hostopen.c.obj                96      0         16     
       printf.c.obj                  112     0         0      
       hostrename.c.obj              108     0         0      
       copy_decompress_lzss.c.obj    104     0         0      
       hostlseek.c.obj               104     0         0      
       exit.c.obj                    76      0         24     
       fseek.c.obj                   100     0         0      
       s_frexp.c.obj                 100     0         0      
       _io_perm.c.obj                98      0         0      
       close.c.obj                   92      0         0      
       hostread.c.obj                88      0         0      
       hostwrite.c.obj               88      0         0      
       _ltoa.c.obj                   84      0         0      
       atoi.c.obj                    76      0         0      
       fflush.c.obj                  76      0         0      
       fd_toi_t2.asm.obj             72      0         0      
       autoinit.c.obj                68      0         0      
       hostclose.c.obj               68      0         0      
       hostunlink.c.obj              68      0         0      
       strncpy.c.obj                 54      0         0      
       boot_cortex_m.c.obj           52      0         0      
       fopen.c.obj                   52      0         0      
       i_tofd_t2.asm.obj             46      0         0      
       unlink.c.obj                  44      0         0      
       lseek.c.obj                   40      0         0      
       write.c.obj                   40      0         0      
       memchr.c.obj                  32      0         0      
       copy_zero_init.c.obj          28      0         0      
       memccpy.c.obj                 28      0         0      
       s_copysign.c.obj              26      0         0      
       strcmp.c.obj                  24      0         0      
       strchr.c.obj                  22      0         0      
       strcpy.c.obj                  20      0         0      
       strlen.c.obj                  20      0         0      
       _lock.c.obj                   2       0         16     
       wcslen.c.obj                  18      0         0      
       errno.c.obj                   8       0         8      
       copy_decompress_none.c.obj    14      0         0      
       pre_init.c.obj                4       0         0      
       div0.asm.obj                  2       0         0      
    +--+-----------------------------+-------+---------+---------+
       Total:                        10721   257       1888   
                                                              
       Heap:                         0       0         2048   
       Stack:                        0       0         1024   
       Linker Generated:             0       147       0      
    +--+-----------------------------+-------+---------+---------+
       Grand Total:                  16435   672       5068   


LINKER GENERATED COPY TABLES

__TI_cinit_table @ 000042e0 records: 2, size/record: 8, table size: 16
	.data: load addr=00004258, load size=0000006f bytes, run addr=20000400, run size=00000210 bytes, compression=lzss
	.bss: load addr=000042d8, load size=00000008 bytes, run addr=20000610, run size=000001d6 bytes, compression=zero_init


LINKER GENERATED HANDLER TABLE

__TI_handler_table @ 000042c8 records: 3, size/record: 4, table size: 12
	index: 0, handler: __TI_decompress_lzss
	index: 1, handler: __TI_decompress_none
	index: 2, handler: __TI_zero_init


GLOBAL SYMBOLS: SORTED ALPHABETICALLY BY Name 

address   name                           
-------   ----                           
00004109  ADC14_IRQHandler               
00000ec5  ADC_Init                       
00004109  AES256_IRQHandler              
00003449  Bump_Init                      
0000347d  Bump_Read                      
00004109  BusFault_Handler               
00004129  C$$EXIT                        
00003df3  C$$IO$$                        
00004109  COMP_E0_IRQHandler             
00004109  COMP_E1_IRQHandler             
200005c0  CPMwait                        
00004109  CS_IRQHandler                  
200005b8  ClockFrequency                 
00001e15  Clock_Delay1ms                 
00001deb  Clock_Delay1us                 
00001dd7  Clock_GetFreq                  
00001cc1  Clock_Init48MHz                
200005cc  Crystalstable                  
00004109  DMA_ERR_IRQHandler             
00004109  DMA_INT0_IRQHandler            
00004109  DMA_INT1_IRQHandler            
00004109  DMA_INT2_IRQHandler            
00004109  DMA_INT3_IRQHandler            
200007e4  Data                           
00004109  DebugMon_Handler               
00004109  Default_Handler                
00003fd5  DisableInterrupts              
00004109  EUSCIA0_IRQHandler             
00004109  EUSCIA1_IRQHandler             
00004109  EUSCIA2_IRQHandler             
00004109  EUSCIA3_IRQHandler             
00004109  EUSCIB0_IRQHandler             
00004109  EUSCIB1_IRQHandler             
00004109  EUSCIB2_IRQHandler             
00004109  EUSCIB3_IRQHandler             
00003fdb  EnableInterrupts               
00003feb  EndCritical                    
00004109  FLCTL_IRQHandler               
00004109  FPU_IRQHandler                 
00003c75  HOSTclose                      
00003681  HOSTlseek                      
000038e5  HOSTopen                       
000039a1  HOSTread                       
00003615  HOSTrename                     
00003cb9  HOSTunlink                     
000039f9  HOSTwrite                      
00004109  HardFault_Handler              
200005c8  IFlags                         
00002ced  LaunchPad_Init                 
00002d5d  LaunchPad_Input                
00002d7b  LaunchPad_LED                  
00002d99  LaunchPad_Output               
00000b35  LogicAnalyzer                  
00000b3f  LogicAnalyzer_P1               
00000c15  LogicAnalyzer_P10              
00000b4d  LogicAnalyzer_P2               
00000b5b  LogicAnalyzer_P2_7654          
00000b6b  LogicAnalyzer_P3               
00000b79  LogicAnalyzer_P4               
00000b97  LogicAnalyzer_P4_765320        
00000b87  LogicAnalyzer_P4_765432        
00000bcf  LogicAnalyzer_P5               
00000bdd  LogicAnalyzer_P6               
00000beb  LogicAnalyzer_P7               
00000bf9  LogicAnalyzer_P8               
00000c07  LogicAnalyzer_P9               
200007e5  LogicData                      
00004109  MemManage_Handler              
000024e1  Motor_Backward                 
0000243d  Motor_Forward                  
000023b9  Motor_Init                     
000024a7  Motor_Left                     
0000246d  Motor_Right                    
0000240f  Motor_Stop                     
00004109  NMI_Handler                    
00004109  PCM_IRQHandler                 
00004109  PORT1_IRQHandler               
00004109  PORT2_IRQHandler               
00004109  PORT3_IRQHandler               
00004109  PORT4_IRQHandler               
00004109  PORT5_IRQHandler               
00004109  PORT6_IRQHandler               
00004109  PSS_IRQHandler                 
00001b83  PWM_Duty1                      
00001ba3  PWM_Duty2                      
00001c47  PWM_Duty3                      
00001c67  PWM_Duty4                      
00001a99  PWM_Init1                      
00001aff  PWM_Init12                     
00001bc3  PWM_Init34                     
00004109  PendSV_Handler                 
200007d8  PeriodicTask2                  
00000ca7  PeriodicTask2_Init             
00000d21  PeriodicTask2_Stop             
200007dc  Position                       
200005c4  Postwait                       
200005bc  Prewait                        
00004109  RTC_C_IRQHandler               
00002229  Reflectance_Init               
000022f7  Reflectance_Position           
0000228f  Reflectance_Read               
000040fd  Reset_Handler                  
00004109  SVC_Handler                    
00000c23  Scope                          
00003fe1  StartCritical                  
00004109  SysTick_Handler                
2000060c  SystemCoreClock                
000014f5  SystemCoreClockUpdate          
0000176d  SystemInit                     
00000d11  T32_INT1_IRQHandler            
00000d11  T32_INT1_IRQHandler            
00004109  T32_INT2_IRQHandler            
00004109  T32_INTC_IRQHandler            
00004109  TA0_0_IRQHandler               
00004109  TA0_N_IRQHandler               
000030cb  TA1_0_IRQHandler               
000030cb  TA1_0_IRQHandler               
00004109  TA1_N_IRQHandler               
00004109  TA2_0_IRQHandler               
00004109  TA2_N_IRQHandler               
00004109  TA3_0_IRQHandler               
00004109  TA3_N_IRQHandler               
00000e63  TExaS_Clear0                   
00000e6f  TExaS_Clear1                   
00000e7b  TExaS_Clear2                   
00000e87  TExaS_Clear3                   
00000e93  TExaS_Clear4                   
00000e95  TExaS_Clear5                   
00000ea1  TExaS_Clear6                   
00000fa1  TExaS_Init                     
200005f0  TExaS_ScopeErrConflict         
200005ec  TExaS_ScopeErrLostData         
200005f4  TExaS_ScopeWrnReconfig         
00000e01  TExaS_Set                      
00000e19  TExaS_Set0                     
00000e25  TExaS_Set1                     
00000e31  TExaS_Set2                     
00000e3d  TExaS_Set3                     
00000e49  TExaS_Set4                     
00000e4b  TExaS_Set5                     
00000e57  TExaS_Set6                     
00001101  TExaS_Stop                     
00000db7  TExaS_Task0                    
00000dc3  TExaS_Task1                    
00000dcf  TExaS_Task2                    
00000ddb  TExaS_Task3                    
00000de7  TExaS_Task4                    
00000de9  TExaS_Task5                    
00000df5  TExaS_Task6                    
00001165  TimedPause                     
200007e0  TimerA1Task                    
00003059  TimerA1_Init                   
000030b7  TimerA1_Stop                   
00000d8b  UART_InChar                    
00000d31  UART_Init                      
00000d9b  UART_OutChar                   
00004109  UsageFault_Handler             
4000480c  WDTCTL_SYM                     
00004109  WDT_A_IRQHandler               
00003ff3  WaitForInterrupt               
20000610  __CIOBUF_                      
20010000  __STACK_END                    
00000200  __STACK_SIZE                   
00000400  __SYSMEM_SIZE                  
000042e0  __TI_CINIT_Base                
000042f0  __TI_CINIT_Limit               
000042c8  __TI_Handler_Table_Base        
000042d4  __TI_Handler_Table_Limit       
00003cfd  __TI_auto_init_nobinit_nopinit 
00003e35  __TI_cleanup                   
200005e0  __TI_cleanup_ptr               
000034c1  __TI_closefile                 
000036e9  __TI_decompress_lzss           
000040ef  __TI_decompress_none           
00003b4d  __TI_doflush                   
200005e4  __TI_dtors_ptr                 
200005e8  __TI_enable_exit_profile_output
200005d0  __TI_ft_end                    
00003aa7  __TI_ltoa                      
ffffffff  __TI_pprof_out_hndl            
000000e5  __TI_printfi                   
ffffffff  __TI_prof_data_size            
ffffffff  __TI_prof_data_start           
00003e69  __TI_readmsg                   
00000000  __TI_static_base__             
20000730  __TI_tmpnams                   
00003dc5  __TI_writemsg                  
00003881  __TI_wrt_ok                    
00004019  __TI_zero_init_nomemset        
000032c1  __aeabi_cdcmpeq                
000032c1  __aeabi_cdcmple                
00003347  __aeabi_cdrcmple               
00003c2d  __aeabi_d2iz                   
0000207b  __aeabi_dadd                   
00002671  __aeabi_ddiv                   
00002bf1  __aeabi_dmul                   
00002071  __aeabi_dsub                   
0000410d  __aeabi_errno_addr             
00003f01  __aeabi_i2d                    
00002227  __aeabi_idiv0                  
00002227  __aeabi_ldiv0                  
000033cd  __aeabi_memclr                 
000033cd  __aeabi_memclr4                
000033cd  __aeabi_memclr8                
00003101  __aeabi_memcpy                 
00003101  __aeabi_memcpy4                
00003101  __aeabi_memcpy8                
000033cf  __aeabi_memset                 
000033cf  __aeabi_memset4                
000033cf  __aeabi_memset8                
200005dc  __aeabi_stderr                 
200005d4  __aeabi_stdin                  
200005d8  __aeabi_stdout                 
0000319d  __aeabi_uldivmod               
ffffffff  __binit__                      
ffffffff  __c_args__                     
UNDEFED   __mpu_init                     
2000fe00  __stack                        
20000000  __start___llvm_prf_cnts        
20000000  __stop___llvm_prf_cnts         
00003e9d  _c_int00_noargs                
0000412c  _ctypes_                       
200004f0  _device                        
20000400  _ftable                        
200005f8  _lock                          
00000b33  _nop                           
20000568  _stream                        
20000000  _sys_memory                    
UNDEFED   _system_post_cinit             
00004125  _system_pre_init               
200005fc  _unlock                        
00004129  abort                          
00002af1  aligned_alloc                  
00003b99  atoi                           
ffffffff  binit                          
00003945  close                          
0000406d  copysign                       
0000406d  copysignl                      
00001ddd  delay                          
20000608  errno                          
00003be5  exit                           
00003ed1  finddevice                     
00003235  fputc                          
000028cd  fputs                          
00002de5  free                           
000037b9  frexp                          
000037b9  frexpl                         
0000381d  fseek                          
00003d41  getdevice                      
00000000  interruptVectors               
000029e1  ldexp                          
000029e1  ldexpl                         
00003f85  lseek                          
00001185  main                           
00004115  malloc                         
00002af1  memalign                       
00004051  memccpy                        
00003ff9  memchr                         
00003101  memcpy                         
000033d5  memset                         
200007d0  parmbuf                        
00003751  printf                         
00003235  putc                           
00003f31  remove                         
000029e1  scalbn                         
000029e1  scalbnl                        
00002ec9  setvbuf                        
0000409f  strchr                         
00004087  strcmp                         
000040b5  strcpy                         
000040c9  strlen                         
00003dfd  strncpy                        
00003f31  unlink                         
000040dd  wcslen                         
00003fad  write                          


GLOBAL SYMBOLS: SORTED BY Symbol Address 

address   name                           
-------   ----                           
00000000  __TI_static_base__             
00000000  interruptVectors               
000000e5  __TI_printfi                   
00000200  __STACK_SIZE                   
00000400  __SYSMEM_SIZE                  
00000b33  _nop                           
00000b35  LogicAnalyzer                  
00000b3f  LogicAnalyzer_P1               
00000b4d  LogicAnalyzer_P2               
00000b5b  LogicAnalyzer_P2_7654          
00000b6b  LogicAnalyzer_P3               
00000b79  LogicAnalyzer_P4               
00000b87  LogicAnalyzer_P4_765432        
00000b97  LogicAnalyzer_P4_765320        
00000bcf  LogicAnalyzer_P5               
00000bdd  LogicAnalyzer_P6               
00000beb  LogicAnalyzer_P7               
00000bf9  LogicAnalyzer_P8               
00000c07  LogicAnalyzer_P9               
00000c15  LogicAnalyzer_P10              
00000c23  Scope                          
00000ca7  PeriodicTask2_Init             
00000d11  T32_INT1_IRQHandler            
00000d11  T32_INT1_IRQHandler            
00000d21  PeriodicTask2_Stop             
00000d31  UART_Init                      
00000d8b  UART_InChar                    
00000d9b  UART_OutChar                   
00000db7  TExaS_Task0                    
00000dc3  TExaS_Task1                    
00000dcf  TExaS_Task2                    
00000ddb  TExaS_Task3                    
00000de7  TExaS_Task4                    
00000de9  TExaS_Task5                    
00000df5  TExaS_Task6                    
00000e01  TExaS_Set                      
00000e19  TExaS_Set0                     
00000e25  TExaS_Set1                     
00000e31  TExaS_Set2                     
00000e3d  TExaS_Set3                     
00000e49  TExaS_Set4                     
00000e4b  TExaS_Set5                     
00000e57  TExaS_Set6                     
00000e63  TExaS_Clear0                   
00000e6f  TExaS_Clear1                   
00000e7b  TExaS_Clear2                   
00000e87  TExaS_Clear3                   
00000e93  TExaS_Clear4                   
00000e95  TExaS_Clear5                   
00000ea1  TExaS_Clear6                   
00000ec5  ADC_Init                       
00000fa1  TExaS_Init                     
00001101  TExaS_Stop                     
00001165  TimedPause                     
00001185  main                           
000014f5  SystemCoreClockUpdate          
0000176d  SystemInit                     
00001a99  PWM_Init1                      
00001aff  PWM_Init12                     
00001b83  PWM_Duty1                      
00001ba3  PWM_Duty2                      
00001bc3  PWM_Init34                     
00001c47  PWM_Duty3                      
00001c67  PWM_Duty4                      
00001cc1  Clock_Init48MHz                
00001dd7  Clock_GetFreq                  
00001ddd  delay                          
00001deb  Clock_Delay1us                 
00001e15  Clock_Delay1ms                 
00002071  __aeabi_dsub                   
0000207b  __aeabi_dadd                   
00002227  __aeabi_idiv0                  
00002227  __aeabi_ldiv0                  
00002229  Reflectance_Init               
0000228f  Reflectance_Read               
000022f7  Reflectance_Position           
000023b9  Motor_Init                     
0000240f  Motor_Stop                     
0000243d  Motor_Forward                  
0000246d  Motor_Right                    
000024a7  Motor_Left                     
000024e1  Motor_Backward                 
00002671  __aeabi_ddiv                   
000028cd  fputs                          
000029e1  ldexp                          
000029e1  ldexpl                         
000029e1  scalbn                         
000029e1  scalbnl                        
00002af1  aligned_alloc                  
00002af1  memalign                       
00002bf1  __aeabi_dmul                   
00002ced  LaunchPad_Init                 
00002d5d  LaunchPad_Input                
00002d7b  LaunchPad_LED                  
00002d99  LaunchPad_Output               
00002de5  free                           
00002ec9  setvbuf                        
00003059  TimerA1_Init                   
000030b7  TimerA1_Stop                   
000030cb  TA1_0_IRQHandler               
000030cb  TA1_0_IRQHandler               
00003101  __aeabi_memcpy                 
00003101  __aeabi_memcpy4                
00003101  __aeabi_memcpy8                
00003101  memcpy                         
0000319d  __aeabi_uldivmod               
00003235  fputc                          
00003235  putc                           
000032c1  __aeabi_cdcmpeq                
000032c1  __aeabi_cdcmple                
00003347  __aeabi_cdrcmple               
000033cd  __aeabi_memclr                 
000033cd  __aeabi_memclr4                
000033cd  __aeabi_memclr8                
000033cf  __aeabi_memset                 
000033cf  __aeabi_memset4                
000033cf  __aeabi_memset8                
000033d5  memset                         
00003449  Bump_Init                      
0000347d  Bump_Read                      
000034c1  __TI_closefile                 
00003615  HOSTrename                     
00003681  HOSTlseek                      
000036e9  __TI_decompress_lzss           
00003751  printf                         
000037b9  frexp                          
000037b9  frexpl                         
0000381d  fseek                          
00003881  __TI_wrt_ok                    
000038e5  HOSTopen                       
00003945  close                          
000039a1  HOSTread                       
000039f9  HOSTwrite                      
00003aa7  __TI_ltoa                      
00003b4d  __TI_doflush                   
00003b99  atoi                           
00003be5  exit                           
00003c2d  __aeabi_d2iz                   
00003c75  HOSTclose                      
00003cb9  HOSTunlink                     
00003cfd  __TI_auto_init_nobinit_nopinit 
00003d41  getdevice                      
00003dc5  __TI_writemsg                  
00003df3  C$$IO$$                        
00003dfd  strncpy                        
00003e35  __TI_cleanup                   
00003e69  __TI_readmsg                   
00003e9d  _c_int00_noargs                
00003ed1  finddevice                     
00003f01  __aeabi_i2d                    
00003f31  remove                         
00003f31  unlink                         
00003f85  lseek                          
00003fad  write                          
00003fd5  DisableInterrupts              
00003fdb  EnableInterrupts               
00003fe1  StartCritical                  
00003feb  EndCritical                    
00003ff3  WaitForInterrupt               
00003ff9  memchr                         
00004019  __TI_zero_init_nomemset        
00004051  memccpy                        
0000406d  copysign                       
0000406d  copysignl                      
00004087  strcmp                         
0000409f  strchr                         
000040b5  strcpy                         
000040c9  strlen                         
000040dd  wcslen                         
000040ef  __TI_decompress_none           
000040fd  Reset_Handler                  
00004109  ADC14_IRQHandler               
00004109  AES256_IRQHandler              
00004109  BusFault_Handler               
00004109  COMP_E0_IRQHandler             
00004109  COMP_E1_IRQHandler             
00004109  CS_IRQHandler                  
00004109  DMA_ERR_IRQHandler             
00004109  DMA_INT0_IRQHandler            
00004109  DMA_INT1_IRQHandler            
00004109  DMA_INT2_IRQHandler            
00004109  DMA_INT3_IRQHandler            
00004109  DebugMon_Handler               
00004109  Default_Handler                
00004109  EUSCIA0_IRQHandler             
00004109  EUSCIA1_IRQHandler             
00004109  EUSCIA2_IRQHandler             
00004109  EUSCIA3_IRQHandler             
00004109  EUSCIB0_IRQHandler             
00004109  EUSCIB1_IRQHandler             
00004109  EUSCIB2_IRQHandler             
00004109  EUSCIB3_IRQHandler             
00004109  FLCTL_IRQHandler               
00004109  FPU_IRQHandler                 
00004109  HardFault_Handler              
00004109  MemManage_Handler              
00004109  NMI_Handler                    
00004109  PCM_IRQHandler                 
00004109  PORT1_IRQHandler               
00004109  PORT2_IRQHandler               
00004109  PORT3_IRQHandler               
00004109  PORT4_IRQHandler               
00004109  PORT5_IRQHandler               
00004109  PORT6_IRQHandler               
00004109  PSS_IRQHandler                 
00004109  PendSV_Handler                 
00004109  RTC_C_IRQHandler               
00004109  SVC_Handler                    
00004109  SysTick_Handler                
00004109  T32_INT2_IRQHandler            
00004109  T32_INTC_IRQHandler            
00004109  TA0_0_IRQHandler               
00004109  TA0_N_IRQHandler               
00004109  TA1_N_IRQHandler               
00004109  TA2_0_IRQHandler               
00004109  TA2_N_IRQHandler               
00004109  TA3_0_IRQHandler               
00004109  TA3_N_IRQHandler               
00004109  UsageFault_Handler             
00004109  WDT_A_IRQHandler               
0000410d  __aeabi_errno_addr             
00004115  malloc                         
00004125  _system_pre_init               
00004129  C$$EXIT                        
00004129  abort                          
0000412c  _ctypes_                       
000042c8  __TI_Handler_Table_Base        
000042d4  __TI_Handler_Table_Limit       
000042e0  __TI_CINIT_Base                
000042f0  __TI_CINIT_Limit               
20000000  __start___llvm_prf_cnts        
20000000  __stop___llvm_prf_cnts         
20000000  _sys_memory                    
20000400  _ftable                        
200004f0  _device                        
20000568  _stream                        
200005b8  ClockFrequency                 
200005bc  Prewait                        
200005c0  CPMwait                        
200005c4  Postwait                       
200005c8  IFlags                         
200005cc  Crystalstable                  
200005d0  __TI_ft_end                    
200005d4  __aeabi_stdin                  
200005d8  __aeabi_stdout                 
200005dc  __aeabi_stderr                 
200005e0  __TI_cleanup_ptr               
200005e4  __TI_dtors_ptr                 
200005e8  __TI_enable_exit_profile_output
200005ec  TExaS_ScopeErrLostData         
200005f0  TExaS_ScopeErrConflict         
200005f4  TExaS_ScopeWrnReconfig         
200005f8  _lock                          
200005fc  _unlock                        
20000608  errno                          
2000060c  SystemCoreClock                
20000610  __CIOBUF_                      
20000730  __TI_tmpnams                   
200007d0  parmbuf                        
200007d8  PeriodicTask2                  
200007dc  Position                       
200007e0  TimerA1Task                    
200007e4  Data                           
200007e5  LogicData                      
2000fe00  __stack                        
20010000  __STACK_END                    
4000480c  WDTCTL_SYM                     
ffffffff  __TI_pprof_out_hndl            
ffffffff  __TI_prof_data_size            
ffffffff  __TI_prof_data_start           
ffffffff  __binit__                      
ffffffff  __c_args__                     
ffffffff  binit                          
UNDEFED   __mpu_init                     
UNDEFED   _system_post_cinit             

[275 symbols]
