******************************************************************************
                  TI ARM Linker PC v20.2.7                     
******************************************************************************
>> Linked Tue Dec  3 21:17:03 2024

OUTPUT FILE NAME:   <Lab15_ADC.out>
ENTRY POINT SYMBOL: "_c_int00_noargs"  address: 00002895


MEMORY CONFIGURATION

         name            origin    length      used     unused   attr    fill
----------------------  --------  ---------  --------  --------  ----  --------
  MAIN                  00000000   00040000  00002b44  0003d4bc  R  X
  INFO                  00200000   00004000  00000000  00004000  R  X
  SRAM_CODE             01000000   00010000  00004634  0000b9cc  RW X
  SRAM_DATA             20000000   00010000  00004634  0000b9cc  RW  


SEGMENT ALLOCATION MAP

run origin  load origin   length   init length attrs members
----------  ----------- ---------- ----------- ----- -------
00000000    00000000    00002b48   00002b48    r-x
  00000000    00000000    000000e4   000000e4    r-- .intvecs
  000000e4    000000e4    000029c8   000029c8    r-x .text
  00002ab0    00002ab0    00000098   00000098    r-- .cinit
20000000    20000000    00004434   00000000    rw-
  20000000    20000000    00003e28   00000000    rw- .bss
  20003e28    20003e28    00000400   00000000    rw- .sysmem
  20004228    20004228    0000020c   00000000    rw- .data
2000fe00    2000fe00    00000200   00000000    rw-
  2000fe00    2000fe00    00000200   00000000    rw- .stack


SECTION ALLOCATION MAP

 output                                  attributes/
section   page    origin      length       input sections
--------  ----  ----------  ----------   ----------------
.intvecs   0    00000000    000000e4     
                  00000000    000000e4     startup_msp432p401r_ccs.obj (.intvecs:retain)

.text      0    000000e4    000029c8     
                  000000e4    000007a8     Lab15_ADCmain.obj (.text)
                  0000088c    000006e0     UART0.obj (.text)
                  00000f6c    000003a0     LPF.obj (.text)
                  0000130c    0000032c     system_msp432p401r.obj (.text)
                  00001638    00000284     ADC14.obj (.text)
                  000018bc    000001e0     Clock.obj (.text)
                  00001a9c    00000110     rtsv7M4_T_le_v4SPD16_eabi.lib : fopen.c.obj (.text:_openfile)
                  00001bac    00000100                                   : memory.c.obj (.text:aligned_alloc)
                  00001cac    000000f8     LaunchPad.obj (.text)
                  00001da4    000000e4     rtsv7M4_T_le_v4SPD16_eabi.lib : memory.c.obj (.text:free)
                  00001e88    000000dc                                   : setvbuf.c.obj (.text:setvbuf)
                  00001f64    000000bc                                   : open.c.obj (.text:open)
                  00002020    000000b8                                   : add_device.c.obj (.text:add_device)
                  000020d8    0000009c                                   : fopen.c.obj (.text:fopen)
                  00002174    0000009c                                   : memcpy_t2.asm.obj (.text)
                  00002210    0000007a                                   : memset_t2.asm.obj (.text)
                  0000228a    00000002                                   : _lock.c.obj (.text:_nop)
                  0000228c    00000074                                   : fclose.c.obj (.text:__TI_closefile)
                  00002300    00000070                                   : memory.c.obj (.text:split)
                  00002370    0000006c                                   : hostrename.c.obj (.text:HOSTrename)
                  000023dc    00000068                                   : hostlseek.c.obj (.text:HOSTlseek)
                  00002444    00000068                                   : copy_decompress_lzss.c.obj (.text:decompress:lzss:__TI_decompress_lzss)
                  000024ac    00000060                                   : hostopen.c.obj (.text:HOSTopen)
                  0000250c    0000005c                                   : close.c.obj (.text:close)
                  00002568    00000058                                   : hostread.c.obj (.text:HOSTread)
                  000025c0    00000058                                   : hostwrite.c.obj (.text:HOSTwrite)
                  00002618    0000004c                                   : fflush.c.obj (.text:__TI_doflush)
                  00002664    00000048                                   : exit.c.obj (.text:exit)
                  000026ac    00000044                                   : hostclose.c.obj (.text:HOSTclose)
                  000026f0    00000044                                   : hostunlink.c.obj (.text:HOSTunlink)
                  00002734    00000044                                   : autoinit.c.obj (.text:__TI_auto_init_nobinit_nopinit:__TI_auto_init_nobinit_nopinit)
                  00002778    00000044                                   : getdevice.c.obj (.text:getdevice)
                  000027bc    00000038                                   : trgmsg.c.obj (.text:__TI_writemsg)
                  000027f4    00000036                                   : strncpy.c.obj (.text:strncpy)
                  0000282a    00000002     --HOLE-- [fill = 0]
                  0000282c    00000034                                   : fopen.c.obj (.text:__TI_cleanup)
                  00002860    00000034                                   : trgmsg.c.obj (.text:__TI_readmsg)
                  00002894    00000034                                   : boot_cortex_m.c.obj (.text:_c_int00_noargs:_c_int00_noargs)
                  000028c8    00000034                                   : fopen.c.obj (.text:freopen)
                  000028fc    00000030                                   : getdevice.c.obj (.text:finddevice)
                  0000292c    0000002c                                   : unlink.c.obj (.text:unlink)
                  00002958    00000028                                   : memory.c.obj (.text:free_list_insert)
                  00002980    00000028                                   : write.c.obj (.text:write)
                  000029a8    00000024     CortexM.obj (.text)
                  000029cc    00000024     IRDistance.obj (.text)
                  000029f0    0000001c     rtsv7M4_T_le_v4SPD16_eabi.lib : memory.c.obj (.text:free_list_remove)
                  00002a0c    00000018                                   : strcmp.c.obj (.text:strcmp)
                  00002a24    00000016                                   : strchr.c.obj (.text:strchr)
                  00002a3a    00000014                                   : strcpy.c.obj (.text:strcpy)
                  00002a4e    00000014                                   : strlen.c.obj (.text:strlen)
                  00002a62    00000012     TimerA1.obj (.text)
                  00002a74    0000000e     rtsv7M4_T_le_v4SPD16_eabi.lib : copy_decompress_none.c.obj (.text:decompress:none:__TI_decompress_none)
                  00002a82    0000000e     startup_msp432p401r_ccs.obj (.text)
                  00002a90    0000000c     rtsv7M4_T_le_v4SPD16_eabi.lib : copy_zero_init.c.obj (.text:decompress:ZI:__TI_zero_init)
                  00002a9c    00000008                                   : memory.c.obj (.text:malloc)
                  00002aa4    00000004                                   : pre_init.c.obj (.text:_system_pre_init)
                  00002aa8    00000004                                   : exit.c.obj (.text:abort:abort)

.cinit     0    00002ab0    00000098     
                  00002ab0    00000072     (.cinit..data.load) [load image, compression = lzss]
                  00002b22    00000002     --HOLE-- [fill = 0]
                  00002b24    0000000c     (__TI_handler_table)
                  00002b30    00000008     (.cinit..bss.load) [load image, compression = zero_init]
                  00002b38    00000010     (__TI_cinit_table)

.init_array 
*          0    00000000    00000000     UNINITIALIZED

.binit     0    00000000    00000000     

.bss       0    20000000    00003e28     UNINITIALIZED
                  20000000    00001000     (.common:x)
                  20001000    00001000     (.common:x2)
                  20002000    00001000     (.common:x3)
                  20003000    00000800     (.common:Histogram)
                  20003800    00000400     (.common:Data)
                  20003c00    00000120     rtsv7M4_T_le_v4SPD16_eabi.lib : trgmsg.c.obj (.bss:_CIOBUF_)
                  20003d20    000000a0     (.common:__TI_tmpnams)
                  20003dc0    00000008     (.common:Messageb)
                  20003dc8    00000008     (.common:parmbuf)
                  20003dd0    00000004     (.common:ADCflag)
                  20003dd4    00000004     (.common:ADCvalue)
                  20003dd8    00000004     (.common:Average)
                  20003ddc    00000004     (.common:I1)
                  20003de0    00000004     (.common:LPFSum)
                  20003de4    00000004     (.common:LPFSum2)
                  20003de8    00000004     (.common:LPFSum3)
                  20003dec    00000004     (.common:Messageindexb)
                  20003df0    00000004     (.common:Pt)
                  20003df4    00000004     (.common:Pt2)
                  20003df8    00000004     (.common:Pt3)
                  20003dfc    00000004     (.common:Sigma)
                  20003e00    00000004     (.common:Size)
                  20003e04    00000004     (.common:Sum)
                  20003e08    00000004     (.common:Sum2)
                  20003e0c    00000004     (.common:Variance)
                  20003e10    00000004     (.common:nc)
                  20003e14    00000004     (.common:nl)
                  20003e18    00000004     (.common:nr)
                  20003e1c    00000004     (.common:u1)
                  20003e20    00000004     (.common:u2)
                  20003e24    00000004     (.common:u3)

.sysmem    0    20003e28    00000400     UNINITIALIZED
                  20003e28    00000010     rtsv7M4_T_le_v4SPD16_eabi.lib : memory.c.obj (.sysmem)
                  20003e38    000003f0     --HOLE--

.data      0    20004228    0000020c     UNINITIALIZED
                  20004228    000000f0     rtsv7M4_T_le_v4SPD16_eabi.lib : defs.c.obj (.data:_ftable)
                  20004318    00000078                                   : host_device.c.obj (.data:_device)
                  20004390    00000050                                   : host_device.c.obj (.data:_stream)
                  200043e0    00000018     Clock.obj (.data)
                  200043f8    00000010     rtsv7M4_T_le_v4SPD16_eabi.lib : defs.c.obj (.data)
                  20004408    0000000c                                   : exit.c.obj (.data:$O1$$)
                  20004414    00000008                                   : _lock.c.obj (.data:$O1$$)
                  2000441c    00000008                                   : memory.c.obj (.data:$O1$$)
                  20004424    00000004                                   : add_device.c.obj (.data)
                  20004428    00000004                                   : fopen.c.obj (.data)
                  2000442c    00000004                                   : open.c.obj (.data)
                  20004430    00000004     system_msp432p401r.obj (.data)

.stack     0    2000fe00    00000200     UNINITIALIZED
                  2000fe00    00000004     rtsv7M4_T_le_v4SPD16_eabi.lib : boot_cortex_m.c.obj (.stack)
                  2000fe04    000001fc     --HOLE--

__llvm_prf_cnts 
*          0    20000000    00000000     UNINITIALIZED

MODULE SUMMARY

       Module                        code    ro data   rw data
       ------                        ----    -------   -------
    ..\
       UART0.obj                     1760    0         24     
    +--+-----------------------------+-------+---------+---------+
       Total:                        1760    0         24     
                                                              
    .\
       LPF.obj                       928     0         24664  
       Lab15_ADCmain.obj             1960    0         6224   
       system_msp432p401r.obj        812     0         8      
       ADC14.obj                     644     0         0      
       Clock.obj                     480     0         48     
       LaunchPad.obj                 248     0         0      
       startup_msp432p401r_ccs.obj   14      228       0      
       CortexM.obj                   36      0         0      
       IRDistance.obj                36      0         0      
       TimerA1.obj                   18      0         0      
    +--+-----------------------------+-------+---------+---------+
       Total:                        5176    228       30944  
                                                              
    C:\ti\ccs1281\ccs\tools\compiler\ti-cgt-arm_20.2.7.LTS\lib\rtsv7M4_T_le_v4SPD16_eabi.lib
       defs.c.obj                    0       0         832    
       memory.c.obj                  672     0         16     
       trgmsg.c.obj                  108     0         576    
       fopen.c.obj                   532     0         8      
       host_device.c.obj             0       0         400    
       setvbuf.c.obj                 220     0         0      
       open.c.obj                    188     0         8      
       add_device.c.obj              184     0         8      
       memcpy_t2.asm.obj             156     0         0      
       memset_t2.asm.obj             122     0         0      
       fclose.c.obj                  116     0         0      
       getdevice.c.obj               116     0         0      
       hostopen.c.obj                96      0         16     
       hostrename.c.obj              108     0         0      
       copy_decompress_lzss.c.obj    104     0         0      
       hostlseek.c.obj               104     0         0      
       exit.c.obj                    76      0         24     
       close.c.obj                   92      0         0      
       hostread.c.obj                88      0         0      
       hostwrite.c.obj               88      0         0      
       fflush.c.obj                  76      0         0      
       autoinit.c.obj                68      0         0      
       hostclose.c.obj               68      0         0      
       hostunlink.c.obj              68      0         0      
       strncpy.c.obj                 54      0         0      
       boot_cortex_m.c.obj           52      0         0      
       unlink.c.obj                  44      0         0      
       write.c.obj                   40      0         0      
       strcmp.c.obj                  24      0         0      
       strchr.c.obj                  22      0         0      
       strcpy.c.obj                  20      0         0      
       strlen.c.obj                  20      0         0      
       _lock.c.obj                   2       0         16     
       copy_decompress_none.c.obj    14      0         0      
       copy_zero_init.c.obj          12      0         0      
       pre_init.c.obj                4       0         0      
    +--+-----------------------------+-------+---------+---------+
       Total:                        3758    0         1904   
                                                              
       Heap:                         0       0         2048   
       Stack:                        0       0         1024   
       Linker Generated:             0       150       0      
    +--+-----------------------------+-------+---------+---------+
       Grand Total:                  10694   378       35944  


LINKER GENERATED COPY TABLES

__TI_cinit_table @ 00002b38 records: 2, size/record: 8, table size: 16
	.data: load addr=00002ab0, load size=00000072 bytes, run addr=20004228, run size=0000020c bytes, compression=lzss
	.bss: load addr=00002b30, load size=00000008 bytes, run addr=20000000, run size=00003e28 bytes, compression=zero_init


LINKER GENERATED HANDLER TABLE

__TI_handler_table @ 00002b24 records: 3, size/record: 4, table size: 12
	index: 0, handler: __TI_decompress_lzss
	index: 1, handler: __TI_decompress_none
	index: 2, handler: __TI_zero_init


GLOBAL SYMBOLS: SORTED ALPHABETICALLY BY Name 

address   name                           
-------   ----                           
000017e7  ADC0_InitSWTriggerCh12         
00001735  ADC0_InitSWTriggerCh14         
0000173b  ADC0_InitSWTriggerCh17_14_16   
000017ed  ADC0_InitSWTriggerCh19         
0000174b  ADC0_InitSWTriggerCh21_22_23   
0000185d  ADC0_InitSWTriggerCh23         
00001639  ADC0_InitSWTriggerCh6          
000016a9  ADC0_InitSWTriggerCh67         
00002a8f  ADC14_IRQHandler               
000017e9  ADC_In12                       
00001737  ADC_In14                       
0000173d  ADC_In17_14_16                 
0000183d  ADC_In19                       
000017a7  ADC_In21_22_23                 
0000185f  ADC_In23                       
00001689  ADC_In6                        
000016ff  ADC_In67                       
20003dd0  ADCflag                        
20003dd4  ADCvalue                       
00002a8f  AES256_IRQHandler              
20003dd8  Average                        
00002a8f  BusFault_Handler               
00002aa9  C$$EXIT                        
000027eb  C$$IO$$                        
00002a8f  COMP_E0_IRQHandler             
00002a8f  COMP_E1_IRQHandler             
200043e8  CPMwait                        
00002a8f  CS_IRQHandler                  
000029d9  CenterConvert                  
200043e0  ClockFrequency                 
00001a11  Clock_Delay1ms                 
000019e7  Clock_Delay1us                 
000019d3  Clock_GetFreq                  
000018bd  Clock_Init48MHz                
200043f4  Crystalstable                  
00002a8f  DMA_ERR_IRQHandler             
00002a8f  DMA_INT0_IRQHandler            
00002a8f  DMA_INT1_IRQHandler            
00002a8f  DMA_INT2_IRQHandler            
00002a8f  DMA_INT3_IRQHandler            
20003800  Data                           
00002a8f  DebugMon_Handler               
00002a8f  Default_Handler                
000029a9  DisableInterrupts              
00002a8f  EUSCIA0_IRQHandler             
00002a8f  EUSCIA1_IRQHandler             
00002a8f  EUSCIA2_IRQHandler             
00002a8f  EUSCIA3_IRQHandler             
00002a8f  EUSCIB0_IRQHandler             
00002a8f  EUSCIB1_IRQHandler             
00002a8f  EUSCIB2_IRQHandler             
00002a8f  EUSCIB3_IRQHandler             
000029af  EnableInterrupts               
000029bf  EndCritical                    
00002a8f  FLCTL_IRQHandler               
00002a8f  FPU_IRQHandler                 
000026ad  HOSTclose                      
000023dd  HOSTlseek                      
000024ad  HOSTopen                       
00002569  HOSTread                       
00002371  HOSTrename                     
000026f1  HOSTunlink                     
000025c1  HOSTwrite                      
00002a8f  HardFault_Handler              
20003000  Histogram                      
20003ddc  I1                             
200043f0  IFlags                         
20003de0  LPFSum                         
20003de4  LPFSum2                        
20003de8  LPFSum3                        
00001081  LPF_Calc                       
00001129  LPF_Calc2                      
000011ed  LPF_Calc3                      
00000fc1  LPF_Calc_old                   
00001023  LPF_Init                       
000010d5  LPF_Init2                      
0000118b  LPF_Init3                      
00000f6d  LPF_Init_old                   
00001cad  LaunchPad_Init                 
00001d1d  LaunchPad_Input                
00001d3b  LaunchPad_LED                  
00001d59  LaunchPad_Output               
000029cd  LeftConvert                    
00001255  Median                         
00002a8f  MemManage_Handler              
20003dc0  Messageb                       
20003dec  Messageindexb                  
00002a8f  NMI_Handler                    
00002a8f  PCM_IRQHandler                 
00002a8f  PORT1_IRQHandler               
00002a8f  PORT2_IRQHandler               
00002a8f  PORT3_IRQHandler               
00002a8f  PORT4_IRQHandler               
00002a8f  PORT5_IRQHandler               
00002a8f  PORT6_IRQHandler               
00002a8f  PSS_IRQHandler                 
00002a8f  PendSV_Handler                 
200043ec  Postwait                       
200043e4  Prewait                        
00000161  Program15_1                    
000000e5  Program15_1_ISR                
00000581  Program15_2                    
00000525  Program15_2_ISR                
20003df0  Pt                             
20003df4  Pt2                            
20003df8  Pt3                            
00002a8f  RTC_C_IRQHandler               
00002a83  Reset_Handler                  
000029e5  RightConvert                   
00002a8f  SVC_Handler                    
20003dfc  Sigma                          
20003e00  Size                           
000029b5  StartCritical                  
20003e04  Sum                            
20003e08  Sum2                           
00002a8f  SysTick_Handler                
20004430  SystemCoreClock                
0000130d  SystemCoreClockUpdate          
00001581  SystemInit                     
00002a8f  T32_INT1_IRQHandler            
00002a8f  T32_INT2_IRQHandler            
00002a8f  T32_INTC_IRQHandler            
00002a8f  TA0_0_IRQHandler               
00002a8f  TA0_N_IRQHandler               
00002a73  TA1_0_IRQHandler               
00002a73  TA1_0_IRQHandler               
00002a8f  TA1_N_IRQHandler               
00002a8f  TA2_0_IRQHandler               
00002a8f  TA2_N_IRQHandler               
00002a8f  TA3_0_IRQHandler               
00002a8f  TA3_N_IRQHandler               
00002a63  TimerA1_Init                   
00002a71  TimerA1_Stop                   
000008d3  UART0_InChar                   
00000d7d  UART0_InString                 
0000091d  UART0_InUDec                   
00000c31  UART0_InUHex                   
0000088d  UART0_Init                     
00000edf  UART0_Initprintf               
000008e3  UART0_OutChar                  
000009d1  UART0_OutSDec                  
000008ff  UART0_OutString                
000009a1  UART0_OutUDec                  
00000b45  UART0_OutUDec4                 
00000b8d  UART0_OutUDec5                 
00000bbf  UART0_OutUFix1                 
00000be7  UART0_OutUFix2                 
00000cf5  UART0_OutUHex                  
00000d61  UART0_OutUHex2                 
00002a8f  UsageFault_Handler             
20003e0c  Variance                       
4000480c  WDTCTL_SYM                     
00002a8f  WDT_A_IRQHandler               
000029c7  WaitForInterrupt               
20003c00  __CIOBUF_                      
20010000  __STACK_END                    
00000200  __STACK_SIZE                   
00000400  __SYSMEM_SIZE                  
00002b38  __TI_CINIT_Base                
00002b48  __TI_CINIT_Limit               
00002b24  __TI_Handler_Table_Base        
00002b30  __TI_Handler_Table_Limit       
00002735  __TI_auto_init_nobinit_nopinit 
0000282d  __TI_cleanup                   
20004408  __TI_cleanup_ptr               
0000228d  __TI_closefile                 
00002445  __TI_decompress_lzss           
00002a75  __TI_decompress_none           
00002619  __TI_doflush                   
2000440c  __TI_dtors_ptr                 
20004410  __TI_enable_exit_profile_output
200043f8  __TI_ft_end                    
ffffffff  __TI_pprof_out_hndl            
ffffffff  __TI_prof_data_size            
ffffffff  __TI_prof_data_start           
00002861  __TI_readmsg                   
00000000  __TI_static_base__             
20003d20  __TI_tmpnams                   
000027bd  __TI_writemsg                  
00002a91  __TI_zero_init                 
00002211  __aeabi_memclr                 
00002211  __aeabi_memclr4                
00002211  __aeabi_memclr8                
00002175  __aeabi_memcpy                 
00002175  __aeabi_memcpy4                
00002175  __aeabi_memcpy8                
00002213  __aeabi_memset                 
00002213  __aeabi_memset4                
00002213  __aeabi_memset8                
20004404  __aeabi_stderr                 
200043fc  __aeabi_stdin                  
20004400  __aeabi_stdout                 
ffffffff  __binit__                      
ffffffff  __c_args__                     
UNDEFED   __mpu_init                     
2000fe00  __stack                        
20000000  __start___llvm_prf_cnts        
20000000  __stop___llvm_prf_cnts         
00002895  _c_int00_noargs                
20004318  _device                        
20004228  _ftable                        
20004414  _lock                          
0000228b  _nop                           
20004390  _stream                        
20003e28  _sys_memory                    
UNDEFED   _system_post_cinit             
00002aa5  _system_pre_init               
20004418  _unlock                        
00002aa9  abort                          
00002021  add_device                     
00001bad  aligned_alloc                  
ffffffff  binit                          
0000250d  close                          
000019d9  delay                          
00002665  exit                           
00000e11  ferror                         
00000df7  fgetc                          
000028fd  finddevice                     
000020d9  fopen                          
00001da5  free                           
000028c9  freopen                        
00002779  getdevice                      
00000000  interruptVectors               
0000068d  main                           
00002a9d  malloc                         
00001bad  memalign                       
00002175  memcpy                         
00002219  memset                         
20003e10  nc                             
20003e14  nl                             
20003e18  nr                             
00001f65  open                           
00000d39  outnibble                      
20003dc8  parmbuf                        
0000292d  remove                         
00001e89  setvbuf                        
0000011d  sqrt                           
00002a25  strchr                         
00002a0d  strcmp                         
00002a3b  strcpy                         
00002a4f  strlen                         
000027f5  strncpy                        
20003e1c  u1                             
20003e20  u2                             
20003e24  u3                             
00000e37  uart_close                     
00000eb5  uart_lseek                     
00000e27  uart_open                      
00000e43  uart_read                      
00000ed1  uart_rename                    
00000ec5  uart_unlink                    
00000e73  uart_write                     
0000292d  unlink                         
00002981  write                          
20000000  x                              
20001000  x2                             
20002000  x3                             


GLOBAL SYMBOLS: SORTED BY Symbol Address 

address   name                           
-------   ----                           
00000000  __TI_static_base__             
00000000  interruptVectors               
000000e5  Program15_1_ISR                
0000011d  sqrt                           
00000161  Program15_1                    
00000200  __STACK_SIZE                   
00000400  __SYSMEM_SIZE                  
00000525  Program15_2_ISR                
00000581  Program15_2                    
0000068d  main                           
0000088d  UART0_Init                     
000008d3  UART0_InChar                   
000008e3  UART0_OutChar                  
000008ff  UART0_OutString                
0000091d  UART0_InUDec                   
000009a1  UART0_OutUDec                  
000009d1  UART0_OutSDec                  
00000b45  UART0_OutUDec4                 
00000b8d  UART0_OutUDec5                 
00000bbf  UART0_OutUFix1                 
00000be7  UART0_OutUFix2                 
00000c31  UART0_InUHex                   
00000cf5  UART0_OutUHex                  
00000d39  outnibble                      
00000d61  UART0_OutUHex2                 
00000d7d  UART0_InString                 
00000df7  fgetc                          
00000e11  ferror                         
00000e27  uart_open                      
00000e37  uart_close                     
00000e43  uart_read                      
00000e73  uart_write                     
00000eb5  uart_lseek                     
00000ec5  uart_unlink                    
00000ed1  uart_rename                    
00000edf  UART0_Initprintf               
00000f6d  LPF_Init_old                   
00000fc1  LPF_Calc_old                   
00001023  LPF_Init                       
00001081  LPF_Calc                       
000010d5  LPF_Init2                      
00001129  LPF_Calc2                      
0000118b  LPF_Init3                      
000011ed  LPF_Calc3                      
00001255  Median                         
0000130d  SystemCoreClockUpdate          
00001581  SystemInit                     
00001639  ADC0_InitSWTriggerCh6          
00001689  ADC_In6                        
000016a9  ADC0_InitSWTriggerCh67         
000016ff  ADC_In67                       
00001735  ADC0_InitSWTriggerCh14         
00001737  ADC_In14                       
0000173b  ADC0_InitSWTriggerCh17_14_16   
0000173d  ADC_In17_14_16                 
0000174b  ADC0_InitSWTriggerCh21_22_23   
000017a7  ADC_In21_22_23                 
000017e7  ADC0_InitSWTriggerCh12         
000017e9  ADC_In12                       
000017ed  ADC0_InitSWTriggerCh19         
0000183d  ADC_In19                       
0000185d  ADC0_InitSWTriggerCh23         
0000185f  ADC_In23                       
000018bd  Clock_Init48MHz                
000019d3  Clock_GetFreq                  
000019d9  delay                          
000019e7  Clock_Delay1us                 
00001a11  Clock_Delay1ms                 
00001bad  aligned_alloc                  
00001bad  memalign                       
00001cad  LaunchPad_Init                 
00001d1d  LaunchPad_Input                
00001d3b  LaunchPad_LED                  
00001d59  LaunchPad_Output               
00001da5  free                           
00001e89  setvbuf                        
00001f65  open                           
00002021  add_device                     
000020d9  fopen                          
00002175  __aeabi_memcpy                 
00002175  __aeabi_memcpy4                
00002175  __aeabi_memcpy8                
00002175  memcpy                         
00002211  __aeabi_memclr                 
00002211  __aeabi_memclr4                
00002211  __aeabi_memclr8                
00002213  __aeabi_memset                 
00002213  __aeabi_memset4                
00002213  __aeabi_memset8                
00002219  memset                         
0000228b  _nop                           
0000228d  __TI_closefile                 
00002371  HOSTrename                     
000023dd  HOSTlseek                      
00002445  __TI_decompress_lzss           
000024ad  HOSTopen                       
0000250d  close                          
00002569  HOSTread                       
000025c1  HOSTwrite                      
00002619  __TI_doflush                   
00002665  exit                           
000026ad  HOSTclose                      
000026f1  HOSTunlink                     
00002735  __TI_auto_init_nobinit_nopinit 
00002779  getdevice                      
000027bd  __TI_writemsg                  
000027eb  C$$IO$$                        
000027f5  strncpy                        
0000282d  __TI_cleanup                   
00002861  __TI_readmsg                   
00002895  _c_int00_noargs                
000028c9  freopen                        
000028fd  finddevice                     
0000292d  remove                         
0000292d  unlink                         
00002981  write                          
000029a9  DisableInterrupts              
000029af  EnableInterrupts               
000029b5  StartCritical                  
000029bf  EndCritical                    
000029c7  WaitForInterrupt               
000029cd  LeftConvert                    
000029d9  CenterConvert                  
000029e5  RightConvert                   
00002a0d  strcmp                         
00002a25  strchr                         
00002a3b  strcpy                         
00002a4f  strlen                         
00002a63  TimerA1_Init                   
00002a71  TimerA1_Stop                   
00002a73  TA1_0_IRQHandler               
00002a73  TA1_0_IRQHandler               
00002a75  __TI_decompress_none           
00002a83  Reset_Handler                  
00002a8f  ADC14_IRQHandler               
00002a8f  AES256_IRQHandler              
00002a8f  BusFault_Handler               
00002a8f  COMP_E0_IRQHandler             
00002a8f  COMP_E1_IRQHandler             
00002a8f  CS_IRQHandler                  
00002a8f  DMA_ERR_IRQHandler             
00002a8f  DMA_INT0_IRQHandler            
00002a8f  DMA_INT1_IRQHandler            
00002a8f  DMA_INT2_IRQHandler            
00002a8f  DMA_INT3_IRQHandler            
00002a8f  DebugMon_Handler               
00002a8f  Default_Handler                
00002a8f  EUSCIA0_IRQHandler             
00002a8f  EUSCIA1_IRQHandler             
00002a8f  EUSCIA2_IRQHandler             
00002a8f  EUSCIA3_IRQHandler             
00002a8f  EUSCIB0_IRQHandler             
00002a8f  EUSCIB1_IRQHandler             
00002a8f  EUSCIB2_IRQHandler             
00002a8f  EUSCIB3_IRQHandler             
00002a8f  FLCTL_IRQHandler               
00002a8f  FPU_IRQHandler                 
00002a8f  HardFault_Handler              
00002a8f  MemManage_Handler              
00002a8f  NMI_Handler                    
00002a8f  PCM_IRQHandler                 
00002a8f  PORT1_IRQHandler               
00002a8f  PORT2_IRQHandler               
00002a8f  PORT3_IRQHandler               
00002a8f  PORT4_IRQHandler               
00002a8f  PORT5_IRQHandler               
00002a8f  PORT6_IRQHandler               
00002a8f  PSS_IRQHandler                 
00002a8f  PendSV_Handler                 
00002a8f  RTC_C_IRQHandler               
00002a8f  SVC_Handler                    
00002a8f  SysTick_Handler                
00002a8f  T32_INT1_IRQHandler            
00002a8f  T32_INT2_IRQHandler            
00002a8f  T32_INTC_IRQHandler            
00002a8f  TA0_0_IRQHandler               
00002a8f  TA0_N_IRQHandler               
00002a8f  TA1_N_IRQHandler               
00002a8f  TA2_0_IRQHandler               
00002a8f  TA2_N_IRQHandler               
00002a8f  TA3_0_IRQHandler               
00002a8f  TA3_N_IRQHandler               
00002a8f  UsageFault_Handler             
00002a8f  WDT_A_IRQHandler               
00002a91  __TI_zero_init                 
00002a9d  malloc                         
00002aa5  _system_pre_init               
00002aa9  C$$EXIT                        
00002aa9  abort                          
00002b24  __TI_Handler_Table_Base        
00002b30  __TI_Handler_Table_Limit       
00002b38  __TI_CINIT_Base                
00002b48  __TI_CINIT_Limit               
20000000  __start___llvm_prf_cnts        
20000000  __stop___llvm_prf_cnts         
20000000  x                              
20001000  x2                             
20002000  x3                             
20003000  Histogram                      
20003800  Data                           
20003c00  __CIOBUF_                      
20003d20  __TI_tmpnams                   
20003dc0  Messageb                       
20003dc8  parmbuf                        
20003dd0  ADCflag                        
20003dd4  ADCvalue                       
20003dd8  Average                        
20003ddc  I1                             
20003de0  LPFSum                         
20003de4  LPFSum2                        
20003de8  LPFSum3                        
20003dec  Messageindexb                  
20003df0  Pt                             
20003df4  Pt2                            
20003df8  Pt3                            
20003dfc  Sigma                          
20003e00  Size                           
20003e04  Sum                            
20003e08  Sum2                           
20003e0c  Variance                       
20003e10  nc                             
20003e14  nl                             
20003e18  nr                             
20003e1c  u1                             
20003e20  u2                             
20003e24  u3                             
20003e28  _sys_memory                    
20004228  _ftable                        
20004318  _device                        
20004390  _stream                        
200043e0  ClockFrequency                 
200043e4  Prewait                        
200043e8  CPMwait                        
200043ec  Postwait                       
200043f0  IFlags                         
200043f4  Crystalstable                  
200043f8  __TI_ft_end                    
200043fc  __aeabi_stdin                  
20004400  __aeabi_stdout                 
20004404  __aeabi_stderr                 
20004408  __TI_cleanup_ptr               
2000440c  __TI_dtors_ptr                 
20004410  __TI_enable_exit_profile_output
20004414  _lock                          
20004418  _unlock                        
20004430  SystemCoreClock                
2000fe00  __stack                        
20010000  __STACK_END                    
4000480c  WDTCTL_SYM                     
ffffffff  __TI_pprof_out_hndl            
ffffffff  __TI_prof_data_size            
ffffffff  __TI_prof_data_start           
ffffffff  __binit__                      
ffffffff  __c_args__                     
ffffffff  binit                          
UNDEFED   __mpu_init                     
UNDEFED   _system_post_cinit             

[257 symbols]
