******************************************************************************
                  TI ARM Linker PC v20.2.7                     
******************************************************************************
>> Linked Tue Dec  3 21:16:57 2024

OUTPUT FILE NAME:   <Lab13_Timers.out>
ENTRY POINT SYMBOL: "_c_int00_noargs"  address: 00001021


MEMORY CONFIGURATION

         name            origin    length      used     unused   attr    fill
----------------------  --------  ---------  --------  --------  ----  --------
  MAIN                  00000000   00040000  00001108  0003eef8  R  X
  INFO                  00200000   00004000  00000000  00004000  R  X
  SRAM_CODE             01000000   00010000  00000231  0000fdcf  RW X
  SRAM_DATA             20000000   00010000  00000231  0000fdcf  RW  


SEGMENT ALLOCATION MAP

run origin  load origin   length   init length attrs members
----------  ----------- ---------- ----------- ----- -------
00000000    00000000    00001108   00001108    r-x
  00000000    00000000    000000e4   000000e4    r-- .intvecs
  000000e4    000000e4    00000fec   00000fec    r-x .text
  000010d0    000010d0    00000038   00000038    r-- .cinit
20000000    20000000    00000031   00000000    rw-
  20000000    20000000    00000028   00000000    rw- .data
  20000028    20000028    00000009   00000000    rw- .bss
2000fe00    2000fe00    00000200   00000000    rw-
  2000fe00    2000fe00    00000200   00000000    rw- .stack


SECTION ALLOCATION MAP

 output                                  attributes/
section   page    origin      length       input sections
--------  ----  ----------  ----------   ----------------
.intvecs   0    00000000    000000e4     
                  00000000    000000e4     startup_msp432p401r_ccs.obj (.intvecs:retain)

.text      0    000000e4    00000fec     
                  000000e4    000006c8     TExaS.obj (.text)
                  000007ac    0000032c     system_msp432p401r.obj (.text)
                  00000ad8    000001e0     Clock.obj (.text)
                  00000cb8    000000f8     LaunchPad.obj (.text)
                  00000db0    000000e4     Lab13_Timersmain.obj (.text)
                  00000e94    0000009c     rtsv7M4_T_le_v4SPD16_eabi.lib : memcpy_t2.asm.obj (.text)
                  00000f30    00000068                                   : copy_decompress_lzss.c.obj (.text:decompress:lzss:__TI_decompress_lzss)
                  00000f98    00000044     Motor.obj (.text)
                  00000fdc    00000044     rtsv7M4_T_le_v4SPD16_eabi.lib : autoinit.c.obj (.text:__TI_auto_init_nobinit_nopinit:__TI_auto_init_nobinit_nopinit)
                  00001020    00000034                                   : boot_cortex_m.c.obj (.text:_c_int00_noargs:_c_int00_noargs)
                  00001054    00000024     CortexM.obj (.text)
                  00001078    0000001c     rtsv7M4_T_le_v4SPD16_eabi.lib : copy_zero_init.c.obj (.text:decompress:ZI:__TI_zero_init_nomemset:__TI_zero_init_nomemset)
                  00001094    00000012     TimerA1.obj (.text)
                  000010a6    0000000e     rtsv7M4_T_le_v4SPD16_eabi.lib : copy_decompress_none.c.obj (.text:decompress:none:__TI_decompress_none)
                  000010b4    0000000e     startup_msp432p401r_ccs.obj (.text)
                  000010c2    00000006     Bump.obj (.text)
                  000010c8    00000004     rtsv7M4_T_le_v4SPD16_eabi.lib : pre_init.c.obj (.text:_system_pre_init)
                  000010cc    00000004                                   : exit.c.obj (.text:abort:abort)

.cinit     0    000010d0    00000038     
                  000010d0    0000000d     (.cinit..data.load) [load image, compression = lzss]
                  000010dd    00000003     --HOLE-- [fill = 0]
                  000010e0    0000000c     (__TI_handler_table)
                  000010ec    00000004     --HOLE-- [fill = 0]
                  000010f0    00000008     (.cinit..bss.load) [load image, compression = zero_init]
                  000010f8    00000010     (__TI_cinit_table)

.init_array 
*          0    00000000    00000000     UNINITIALIZED

.binit     0    00000000    00000000     

.data      0    20000000    00000028     UNINITIALIZED
                  20000000    00000018     Clock.obj (.data)
                  20000018    0000000c     TExaS.obj (.data)
                  20000024    00000004     system_msp432p401r.obj (.data)

.bss       0    20000028    00000009     UNINITIALIZED
                  20000028    00000004     (.common:PeriodicTask2)
                  2000002c    00000004     (.common:Time)
                  20000030    00000001     (.common:LogicData)

.stack     0    2000fe00    00000200     UNINITIALIZED
                  2000fe00    00000004     rtsv7M4_T_le_v4SPD16_eabi.lib : boot_cortex_m.c.obj (.stack)
                  2000fe04    000001fc     --HOLE--

__llvm_prf_cnts 
*          0    20000000    00000000     UNINITIALIZED

MODULE SUMMARY

       Module                        code   ro data   rw data
       ------                        ----   -------   -------
    .\
       TExaS.obj                     1736   0         34     
       system_msp432p401r.obj        812    0         8      
       Clock.obj                     480    0         48     
       LaunchPad.obj                 248    0         0      
       startup_msp432p401r_ccs.obj   14     228       0      
       Lab13_Timersmain.obj          228    0         8      
       Motor.obj                     68     0         0      
       CortexM.obj                   36     0         0      
       TimerA1.obj                   18     0         0      
       Bump.obj                      6      0         0      
    +--+-----------------------------+------+---------+---------+
       Total:                        3646   228       98     
                                                             
    C:\ti\ccs1281\ccs\tools\compiler\ti-cgt-arm_20.2.7.LTS\lib\rtsv7M4_T_le_v4SPD16_eabi.lib
       memcpy_t2.asm.obj             156    0         0      
       copy_decompress_lzss.c.obj    104    0         0      
       autoinit.c.obj                68     0         0      
       boot_cortex_m.c.obj           52     0         0      
       copy_zero_init.c.obj          28     0         0      
       copy_decompress_none.c.obj    14     0         0      
       exit.c.obj                    4      0         0      
       pre_init.c.obj                4      0         0      
    +--+-----------------------------+------+---------+---------+
       Total:                        430    0         0      
                                                             
       Stack:                        0      0         1024   
       Linker Generated:             0      49        0      
    +--+-----------------------------+------+---------+---------+
       Grand Total:                  4076   277       1122   


LINKER GENERATED COPY TABLES

__TI_cinit_table @ 000010f8 records: 2, size/record: 8, table size: 16
	.data: load addr=000010d0, load size=0000000d bytes, run addr=20000000, run size=00000028 bytes, compression=lzss
	.bss: load addr=000010f0, load size=00000008 bytes, run addr=20000028, run size=00000009 bytes, compression=zero_init


LINKER GENERATED HANDLER TABLE

__TI_handler_table @ 000010e0 records: 3, size/record: 4, table size: 12
	index: 0, handler: __TI_decompress_lzss
	index: 1, handler: __TI_decompress_none
	index: 2, handler: __TI_zero_init


GLOBAL SYMBOLS: SORTED ALPHABETICALLY BY Name 

address   name                                   
-------   ----                                   
000010c1  ADC14_IRQHandler                       
000004f1  ADC_Init                               
000010c1  AES256_IRQHandler                      
000010c3  Bump_Init                              
000010c5  Bump_Read                              
000010c1  BusFault_Handler                       
000010cd  C$$EXIT                                
000010c1  COMP_E0_IRQHandler                     
000010c1  COMP_E1_IRQHandler                     
20000008  CPMwait                                
000010c1  CS_IRQHandler                          
20000000  ClockFrequency                         
00000c2d  Clock_Delay1ms                         
00000c03  Clock_Delay1us                         
00000bef  Clock_GetFreq                          
00000ad9  Clock_Init48MHz                        
20000014  Crystalstable                          
000010c1  DMA_ERR_IRQHandler                     
000010c1  DMA_INT0_IRQHandler                    
000010c1  DMA_INT1_IRQHandler                    
000010c1  DMA_INT2_IRQHandler                    
000010c1  DMA_INT3_IRQHandler                    
000010c1  DebugMon_Handler                       
000010c1  Default_Handler                        
00001055  DisableInterrupts                      
000010c1  EUSCIA0_IRQHandler                     
000010c1  EUSCIA1_IRQHandler                     
000010c1  EUSCIA2_IRQHandler                     
000010c1  EUSCIA3_IRQHandler                     
000010c1  EUSCIB0_IRQHandler                     
000010c1  EUSCIB1_IRQHandler                     
000010c1  EUSCIB2_IRQHandler                     
000010c1  EUSCIB3_IRQHandler                     
0000105b  EnableInterrupts                       
0000106b  EndCritical                            
000010c1  FLCTL_IRQHandler                       
000010c1  FPU_IRQHandler                         
000010c1  HardFault_Handler                      
20000010  IFlags                                 
00000cb9  LaunchPad_Init                         
00000d29  LaunchPad_Input                        
00000d47  LaunchPad_LED                          
00000d65  LaunchPad_Output                       
000000e5  LogicAnalyzer                          
000000ef  LogicAnalyzer_P1                       
000001c5  LogicAnalyzer_P10                      
000000fd  LogicAnalyzer_P2                       
000001d3  LogicAnalyzer_P27_P26_P82_P92_P104_P105
0000010b  LogicAnalyzer_P2_7654                  
0000011b  LogicAnalyzer_P3                       
00000129  LogicAnalyzer_P4                       
00000147  LogicAnalyzer_P4_765320                
00000137  LogicAnalyzer_P4_765432                
0000017f  LogicAnalyzer_P5                       
0000020b  LogicAnalyzer_P55_P54_P27_P26_P37_P36  
0000018d  LogicAnalyzer_P6                       
0000019b  LogicAnalyzer_P7                       
000001a9  LogicAnalyzer_P8                       
000001b7  LogicAnalyzer_P9                       
20000030  LogicData                              
000010c1  MemManage_Handler                      
00000fcd  Motor_Backward                         
00000f9d  Motor_Forward                          
00000f99  Motor_Init                             
00000fbd  Motor_Left                             
00000fad  Motor_Right                            
00000f9b  Motor_Stop                             
000010c1  NMI_Handler                            
000010c1  PCM_IRQHandler                         
000010c1  PORT1_IRQHandler                       
000010c1  PORT2_IRQHandler                       
000010c1  PORT3_IRQHandler                       
000010c1  PORT4_IRQHandler                       
000010c1  PORT5_IRQHandler                       
000010c1  PORT6_IRQHandler                       
000010c1  PSS_IRQHandler                         
000010c1  PendSV_Handler                         
20000028  PeriodicTask2                          
000002b9  PeriodicTask2_Init                     
00000333  PeriodicTask2_Stop                     
2000000c  Postwait                               
20000004  Prewait                                
00000dd1  Program13_1                            
00000e5f  Program13_2                            
000010c1  RTC_C_IRQHandler                       
000010b5  Reset_Handler                          
000010c1  SVC_Handler                            
00000235  Scope                                  
00001061  StartCritical                          
000010c1  SysTick_Handler                        
20000024  SystemCoreClock                        
000007ad  SystemCoreClockUpdate                  
00000a21  SystemInit                             
00000323  T32_INT1_IRQHandler                    
00000323  T32_INT1_IRQHandler                    
000010c1  T32_INT2_IRQHandler                    
000010c1  T32_INTC_IRQHandler                    
000010c1  TA0_0_IRQHandler                       
000010c1  TA0_N_IRQHandler                       
000010a5  TA1_0_IRQHandler                       
000010a5  TA1_0_IRQHandler                       
000010c1  TA1_N_IRQHandler                       
000010c1  TA2_0_IRQHandler                       
000010c1  TA2_N_IRQHandler                       
000010c1  TA3_0_IRQHandler                       
000010c1  TA3_N_IRQHandler                       
00000485  TExaS_Clear0                           
00000491  TExaS_Clear1                           
000004a5  TExaS_Clear2                           
000004b1  TExaS_Clear3                           
000004bd  TExaS_Clear4                           
000004bf  TExaS_Clear5                           
000004cb  TExaS_Clear6                           
000005b5  TExaS_Init                             
2000001c  TExaS_ScopeErrConflict                 
20000018  TExaS_ScopeErrLostData                 
20000020  TExaS_ScopeWrnReconfig                 
00000413  TExaS_Set                              
0000042b  TExaS_Set0                             
00000437  TExaS_Set1                             
00000443  TExaS_Set2                             
0000044f  TExaS_Set3                             
0000045b  TExaS_Set4                             
0000045d  TExaS_Set5                             
00000475  TExaS_Set6                             
00000741  TExaS_Stop                             
000003c9  TExaS_Task0                            
000003d5  TExaS_Task1                            
000003e1  TExaS_Task2                            
000003ed  TExaS_Task3                            
000003f9  TExaS_Task4                            
000003fb  TExaS_Task5                            
00000407  TExaS_Task6                            
00000e35  Task                                   
2000002c  Time                                   
00000db1  TimedPause                             
00001095  TimerA1_Init                           
000010a3  TimerA1_Stop                           
0000039d  UART_InChar                            
00000343  UART_Init                              
000003ad  UART_OutChar                           
000010c1  UsageFault_Handler                     
4000480c  WDTCTL_SYM                             
000010c1  WDT_A_IRQHandler                       
00001073  WaitForInterrupt                       
20010000  __STACK_END                            
00000200  __STACK_SIZE                           
000010f8  __TI_CINIT_Base                        
00001108  __TI_CINIT_Limit                       
000010e0  __TI_Handler_Table_Base                
000010ec  __TI_Handler_Table_Limit               
00000fdd  __TI_auto_init_nobinit_nopinit         
00000f31  __TI_decompress_lzss                   
000010a7  __TI_decompress_none                   
ffffffff  __TI_pprof_out_hndl                    
ffffffff  __TI_prof_data_size                    
ffffffff  __TI_prof_data_start                   
00000000  __TI_static_base__                     
00001079  __TI_zero_init_nomemset                
00000e95  __aeabi_memcpy                         
00000e95  __aeabi_memcpy4                        
00000e95  __aeabi_memcpy8                        
ffffffff  __binit__                              
ffffffff  __c_args__                             
UNDEFED   __mpu_init                             
2000fe00  __stack                                
20000000  __start___llvm_prf_cnts                
20000000  __stop___llvm_prf_cnts                 
00001021  _c_int00_noargs                        
UNDEFED   _system_post_cinit                     
000010c9  _system_pre_init                       
000010cd  abort                                  
ffffffff  binit                                  
00000bf5  delay                                  
00000000  interruptVectors                       
00000e83  main                                   
00000e95  memcpy                                 


GLOBAL SYMBOLS: SORTED BY Symbol Address 

address   name                                   
-------   ----                                   
00000000  __TI_static_base__                     
00000000  interruptVectors                       
000000e5  LogicAnalyzer                          
000000ef  LogicAnalyzer_P1                       
000000fd  LogicAnalyzer_P2                       
0000010b  LogicAnalyzer_P2_7654                  
0000011b  LogicAnalyzer_P3                       
00000129  LogicAnalyzer_P4                       
00000137  LogicAnalyzer_P4_765432                
00000147  LogicAnalyzer_P4_765320                
0000017f  LogicAnalyzer_P5                       
0000018d  LogicAnalyzer_P6                       
0000019b  LogicAnalyzer_P7                       
000001a9  LogicAnalyzer_P8                       
000001b7  LogicAnalyzer_P9                       
000001c5  LogicAnalyzer_P10                      
000001d3  LogicAnalyzer_P27_P26_P82_P92_P104_P105
00000200  __STACK_SIZE                           
0000020b  LogicAnalyzer_P55_P54_P27_P26_P37_P36  
00000235  Scope                                  
000002b9  PeriodicTask2_Init                     
00000323  T32_INT1_IRQHandler                    
00000323  T32_INT1_IRQHandler                    
00000333  PeriodicTask2_Stop                     
00000343  UART_Init                              
0000039d  UART_InChar                            
000003ad  UART_OutChar                           
000003c9  TExaS_Task0                            
000003d5  TExaS_Task1                            
000003e1  TExaS_Task2                            
000003ed  TExaS_Task3                            
000003f9  TExaS_Task4                            
000003fb  TExaS_Task5                            
00000407  TExaS_Task6                            
00000413  TExaS_Set                              
0000042b  TExaS_Set0                             
00000437  TExaS_Set1                             
00000443  TExaS_Set2                             
0000044f  TExaS_Set3                             
0000045b  TExaS_Set4                             
0000045d  TExaS_Set5                             
00000475  TExaS_Set6                             
00000485  TExaS_Clear0                           
00000491  TExaS_Clear1                           
000004a5  TExaS_Clear2                           
000004b1  TExaS_Clear3                           
000004bd  TExaS_Clear4                           
000004bf  TExaS_Clear5                           
000004cb  TExaS_Clear6                           
000004f1  ADC_Init                               
000005b5  TExaS_Init                             
00000741  TExaS_Stop                             
000007ad  SystemCoreClockUpdate                  
00000a21  SystemInit                             
00000ad9  Clock_Init48MHz                        
00000bef  Clock_GetFreq                          
00000bf5  delay                                  
00000c03  Clock_Delay1us                         
00000c2d  Clock_Delay1ms                         
00000cb9  LaunchPad_Init                         
00000d29  LaunchPad_Input                        
00000d47  LaunchPad_LED                          
00000d65  LaunchPad_Output                       
00000db1  TimedPause                             
00000dd1  Program13_1                            
00000e35  Task                                   
00000e5f  Program13_2                            
00000e83  main                                   
00000e95  __aeabi_memcpy                         
00000e95  __aeabi_memcpy4                        
00000e95  __aeabi_memcpy8                        
00000e95  memcpy                                 
00000f31  __TI_decompress_lzss                   
00000f99  Motor_Init                             
00000f9b  Motor_Stop                             
00000f9d  Motor_Forward                          
00000fad  Motor_Right                            
00000fbd  Motor_Left                             
00000fcd  Motor_Backward                         
00000fdd  __TI_auto_init_nobinit_nopinit         
00001021  _c_int00_noargs                        
00001055  DisableInterrupts                      
0000105b  EnableInterrupts                       
00001061  StartCritical                          
0000106b  EndCritical                            
00001073  WaitForInterrupt                       
00001079  __TI_zero_init_nomemset                
00001095  TimerA1_Init                           
000010a3  TimerA1_Stop                           
000010a5  TA1_0_IRQHandler                       
000010a5  TA1_0_IRQHandler                       
000010a7  __TI_decompress_none                   
000010b5  Reset_Handler                          
000010c1  ADC14_IRQHandler                       
000010c1  AES256_IRQHandler                      
000010c1  BusFault_Handler                       
000010c1  COMP_E0_IRQHandler                     
000010c1  COMP_E1_IRQHandler                     
000010c1  CS_IRQHandler                          
000010c1  DMA_ERR_IRQHandler                     
000010c1  DMA_INT0_IRQHandler                    
000010c1  DMA_INT1_IRQHandler                    
000010c1  DMA_INT2_IRQHandler                    
000010c1  DMA_INT3_IRQHandler                    
000010c1  DebugMon_Handler                       
000010c1  Default_Handler                        
000010c1  EUSCIA0_IRQHandler                     
000010c1  EUSCIA1_IRQHandler                     
000010c1  EUSCIA2_IRQHandler                     
000010c1  EUSCIA3_IRQHandler                     
000010c1  EUSCIB0_IRQHandler                     
000010c1  EUSCIB1_IRQHandler                     
000010c1  EUSCIB2_IRQHandler                     
000010c1  EUSCIB3_IRQHandler                     
000010c1  FLCTL_IRQHandler                       
000010c1  FPU_IRQHandler                         
000010c1  HardFault_Handler                      
000010c1  MemManage_Handler                      
000010c1  NMI_Handler                            
000010c1  PCM_IRQHandler                         
000010c1  PORT1_IRQHandler                       
000010c1  PORT2_IRQHandler                       
000010c1  PORT3_IRQHandler                       
000010c1  PORT4_IRQHandler                       
000010c1  PORT5_IRQHandler                       
000010c1  PORT6_IRQHandler                       
000010c1  PSS_IRQHandler                         
000010c1  PendSV_Handler                         
000010c1  RTC_C_IRQHandler                       
000010c1  SVC_Handler                            
000010c1  SysTick_Handler                        
000010c1  T32_INT2_IRQHandler                    
000010c1  T32_INTC_IRQHandler                    
000010c1  TA0_0_IRQHandler                       
000010c1  TA0_N_IRQHandler                       
000010c1  TA1_N_IRQHandler                       
000010c1  TA2_0_IRQHandler                       
000010c1  TA2_N_IRQHandler                       
000010c1  TA3_0_IRQHandler                       
000010c1  TA3_N_IRQHandler                       
000010c1  UsageFault_Handler                     
000010c1  WDT_A_IRQHandler                       
000010c3  Bump_Init                              
000010c5  Bump_Read                              
000010c9  _system_pre_init                       
000010cd  C$$EXIT                                
000010cd  abort                                  
000010e0  __TI_Handler_Table_Base                
000010ec  __TI_Handler_Table_Limit               
000010f8  __TI_CINIT_Base                        
00001108  __TI_CINIT_Limit                       
20000000  ClockFrequency                         
20000000  __start___llvm_prf_cnts                
20000000  __stop___llvm_prf_cnts                 
20000004  Prewait                                
20000008  CPMwait                                
2000000c  Postwait                               
20000010  IFlags                                 
20000014  Crystalstable                          
20000018  TExaS_ScopeErrLostData                 
2000001c  TExaS_ScopeErrConflict                 
20000020  TExaS_ScopeWrnReconfig                 
20000024  SystemCoreClock                        
20000028  PeriodicTask2                          
2000002c  Time                                   
20000030  LogicData                              
2000fe00  __stack                                
20010000  __STACK_END                            
4000480c  WDTCTL_SYM                             
ffffffff  __TI_pprof_out_hndl                    
ffffffff  __TI_prof_data_size                    
ffffffff  __TI_prof_data_start                   
ffffffff  __binit__                              
ffffffff  __c_args__                             
ffffffff  binit                                  
UNDEFED   __mpu_init                             
UNDEFED   _system_post_cinit                     

[177 symbols]
