******************************************************************************
                  TI ARM Linker PC v20.2.7                     
******************************************************************************
>> Linked Tue Dec  3 21:17:08 2024

OUTPUT FILE NAME:   <Lab17_Control.out>
ENTRY POINT SYMBOL: "_c_int00_noargs"  address: 00000c21


MEMORY CONFIGURATION

         name            origin    length      used     unused   attr    fill
----------------------  --------  ---------  --------  --------  ----  --------
  MAIN                  00000000   00040000  00000d30  0003f2d0  R  X
  INFO                  00200000   00004000  00000000  00004000  R  X
  SRAM_CODE             01000000   00010000  00000615  0000f9eb  RW X
  SRAM_DATA             20000000   00010000  00000615  0000f9eb  RW  


SEGMENT ALLOCATION MAP

run origin  load origin   length   init length attrs members
----------  ----------- ---------- ----------- ----- -------
00000000    00000000    00000d30   00000d30    r-x
  00000000    00000000    000000e4   000000e4    r-- .intvecs
  000000e4    000000e4    00000c1c   00000c1c    r-x .text
  00000d00    00000d00    00000030   00000030    r-- .cinit
20000000    20000000    00000415   00000000    rw-
  20000000    20000000    00000400   00000000    rw- .sysmem
  20000400    20000400    00000010   00000000    rw- .data
  20000410    20000410    00000005   00000000    rw- .bss
2000fe00    2000fe00    00000200   00000000    rw-
  2000fe00    2000fe00    00000200   00000000    rw- .stack


SECTION ALLOCATION MAP

 output                                  attributes/
section   page    origin      length       input sections
--------  ----  ----------  ----------   ----------------
.intvecs   0    00000000    000000e4     
                  00000000    000000e4     startup_msp432p401r_ccs.obj (.intvecs:retain)

.text      0    000000e4    00000c1c     
                  000000e4    000006c8     TExaS.obj (.text)
                  000007ac    0000032c     system_msp432p401r.obj (.text)
                  00000ad8    0000009c     rtsv7M4_T_le_v4SPD16_eabi.lib : memcpy_t2.asm.obj (.text)
                  00000b74    00000068                                   : copy_decompress_lzss.c.obj (.text:decompress:lzss:__TI_decompress_lzss)
                  00000bdc    00000044                                   : autoinit.c.obj (.text:__TI_auto_init_nobinit_nopinit:__TI_auto_init_nobinit_nopinit)
                  00000c20    00000034                                   : boot_cortex_m.c.obj (.text:_c_int00_noargs:_c_int00_noargs)
                  00000c54    00000028     TA3InputCapture.obj (.text)
                  00000c7c    00000024     CortexM.obj (.text)
                  00000ca0    0000001c     rtsv7M4_T_le_v4SPD16_eabi.lib : copy_zero_init.c.obj (.text:decompress:ZI:__TI_zero_init_nomemset:__TI_zero_init_nomemset)
                  00000cbc    00000012     TimerA1.obj (.text)
                  00000cce    0000000e     Lab17_Control.obj (.text)
                  00000cdc    0000000e     rtsv7M4_T_le_v4SPD16_eabi.lib : copy_decompress_none.c.obj (.text:decompress:none:__TI_decompress_none)
                  00000cea    0000000e     startup_msp432p401r_ccs.obj (.text)
                  00000cf8    00000004     rtsv7M4_T_le_v4SPD16_eabi.lib : pre_init.c.obj (.text:_system_pre_init)
                  00000cfc    00000004                                   : exit.c.obj (.text:abort:abort)

.cinit     0    00000d00    00000030     
                  00000d00    0000000c     (__TI_handler_table)
                  00000d0c    0000000b     (.cinit..data.load) [load image, compression = lzss]
                  00000d17    00000001     --HOLE-- [fill = 0]
                  00000d18    00000008     (.cinit..bss.load) [load image, compression = zero_init]
                  00000d20    00000010     (__TI_cinit_table)

.init_array 
*          0    00000000    00000000     UNINITIALIZED

.binit     0    00000000    00000000     

.sysmem    0    20000000    00000400     UNINITIALIZED
                  20000000    00000010     rtsv7M4_T_le_v4SPD16_eabi.lib : memory.c.obj (.sysmem)
                  20000010    000003f0     --HOLE--

.data      0    20000400    00000010     UNINITIALIZED
                  20000400    0000000c     TExaS.obj (.data)
                  2000040c    00000004     system_msp432p401r.obj (.data)

.bss       0    20000410    00000005     UNINITIALIZED
                  20000410    00000004     (.common:PeriodicTask2)
                  20000414    00000001     (.common:LogicData)

.stack     0    2000fe00    00000200     UNINITIALIZED
                  2000fe00    00000004     rtsv7M4_T_le_v4SPD16_eabi.lib : boot_cortex_m.c.obj (.stack)
                  2000fe04    000001fc     --HOLE--

__llvm_prf_cnts 
*          0    20000000    00000000     UNINITIALIZED

MODULE SUMMARY

       Module                        code   ro data   rw data
       ------                        ----   -------   -------
    .\
       TExaS.obj                     1736   0         34     
       system_msp432p401r.obj        812    0         8      
       startup_msp432p401r_ccs.obj   14     228       0      
       TA3InputCapture.obj           40     0         0      
       CortexM.obj                   36     0         0      
       TimerA1.obj                   18     0         0      
       Lab17_Control.obj             14     0         0      
    +--+-----------------------------+------+---------+---------+
       Total:                        2670   228       42     
                                                             
    C:\ti\ccs1281\ccs\tools\compiler\ti-cgt-arm_20.2.7.LTS\lib\rtsv7M4_T_le_v4SPD16_eabi.lib
       memcpy_t2.asm.obj             156    0         0      
       copy_decompress_lzss.c.obj    104    0         0      
       autoinit.c.obj                68     0         0      
       boot_cortex_m.c.obj           52     0         0      
       copy_zero_init.c.obj          28     0         0      
       copy_decompress_none.c.obj    14     0         0      
       exit.c.obj                    4      0         0      
       pre_init.c.obj                4      0         0      
    +--+-----------------------------+------+---------+---------+
       Total:                        430    0         0      
                                                             
       Heap:                         0      0         2048   
       Stack:                        0      0         1024   
       Linker Generated:             0      47        0      
    +--+-----------------------------+------+---------+---------+
       Grand Total:                  3100   275       3114   


LINKER GENERATED COPY TABLES

__TI_cinit_table @ 00000d20 records: 2, size/record: 8, table size: 16
	.data: load addr=00000d0c, load size=0000000b bytes, run addr=20000400, run size=00000010 bytes, compression=lzss
	.bss: load addr=00000d18, load size=00000008 bytes, run addr=20000410, run size=00000005 bytes, compression=zero_init


LINKER GENERATED HANDLER TABLE

__TI_handler_table @ 00000d00 records: 3, size/record: 4, table size: 12
	index: 0, handler: __TI_decompress_lzss
	index: 1, handler: __TI_decompress_none
	index: 2, handler: __TI_zero_init


GLOBAL SYMBOLS: SORTED ALPHABETICALLY BY Name 

address   name                                   
-------   ----                                   
00000cf7  ADC14_IRQHandler                       
000004f1  ADC_Init                               
00000cf7  AES256_IRQHandler                      
00000cf7  BusFault_Handler                       
00000cfd  C$$EXIT                                
00000cf7  COMP_E0_IRQHandler                     
00000cf7  COMP_E1_IRQHandler                     
00000cf7  CS_IRQHandler                          
00000ccf  Controller                             
00000cf7  DMA_ERR_IRQHandler                     
00000cf7  DMA_INT0_IRQHandler                    
00000cf7  DMA_INT1_IRQHandler                    
00000cf7  DMA_INT2_IRQHandler                    
00000cf7  DMA_INT3_IRQHandler                    
00000cf7  DebugMon_Handler                       
00000cf7  Default_Handler                        
00000c7d  DisableInterrupts                      
00000cf7  EUSCIA0_IRQHandler                     
00000cf7  EUSCIA1_IRQHandler                     
00000cf7  EUSCIA2_IRQHandler                     
00000cf7  EUSCIA3_IRQHandler                     
00000cf7  EUSCIB0_IRQHandler                     
00000cf7  EUSCIB1_IRQHandler                     
00000cf7  EUSCIB2_IRQHandler                     
00000cf7  EUSCIB3_IRQHandler                     
00000c83  EnableInterrupts                       
00000c93  EndCritical                            
00000cf7  FLCTL_IRQHandler                       
00000cf7  FPU_IRQHandler                         
00000cf7  HardFault_Handler                      
000000e5  LogicAnalyzer                          
000000ef  LogicAnalyzer_P1                       
000001c5  LogicAnalyzer_P10                      
000000fd  LogicAnalyzer_P2                       
000001d3  LogicAnalyzer_P27_P26_P82_P92_P104_P105
0000010b  LogicAnalyzer_P2_7654                  
0000011b  LogicAnalyzer_P3                       
00000129  LogicAnalyzer_P4                       
00000147  LogicAnalyzer_P4_765320                
00000137  LogicAnalyzer_P4_765432                
0000017f  LogicAnalyzer_P5                       
0000020b  LogicAnalyzer_P55_P54_P27_P26_P37_P36  
0000018d  LogicAnalyzer_P6                       
0000019b  LogicAnalyzer_P7                       
000001a9  LogicAnalyzer_P8                       
000001b7  LogicAnalyzer_P9                       
20000414  LogicData                              
00000cf7  MemManage_Handler                      
00000cf7  NMI_Handler                            
00000cf7  PCM_IRQHandler                         
00000cf7  PORT1_IRQHandler                       
00000cf7  PORT2_IRQHandler                       
00000cf7  PORT3_IRQHandler                       
00000cf7  PORT4_IRQHandler                       
00000cf7  PORT5_IRQHandler                       
00000cf7  PORT6_IRQHandler                       
00000cf7  PSS_IRQHandler                         
00000cf7  PendSV_Handler                         
20000410  PeriodicTask2                          
000002b9  PeriodicTask2_Init                     
00000333  PeriodicTask2_Stop                     
00000cf7  RTC_C_IRQHandler                       
00000ceb  Reset_Handler                          
00000cf7  SVC_Handler                            
00000235  Scope                                  
00000c89  StartCritical                          
00000cf7  SysTick_Handler                        
2000040c  SystemCoreClock                        
000007ad  SystemCoreClockUpdate                  
00000a21  SystemInit                             
00000323  T32_INT1_IRQHandler                    
00000323  T32_INT1_IRQHandler                    
00000cf7  T32_INT2_IRQHandler                    
00000cf7  T32_INTC_IRQHandler                    
00000cf7  TA0_0_IRQHandler                       
00000cf7  TA0_N_IRQHandler                       
00000ccd  TA1_0_IRQHandler                       
00000ccd  TA1_0_IRQHandler                       
00000cf7  TA1_N_IRQHandler                       
00000cf7  TA2_0_IRQHandler                       
00000cf7  TA2_N_IRQHandler                       
00000c6d  TA3_0_IRQHandler                       
00000c6d  TA3_0_IRQHandler                       
00000c6f  TA3_N_IRQHandler                       
00000c6f  TA3_N_IRQHandler                       
00000485  TExaS_Clear0                           
00000491  TExaS_Clear1                           
000004a5  TExaS_Clear2                           
000004b1  TExaS_Clear3                           
000004bd  TExaS_Clear4                           
000004bf  TExaS_Clear5                           
000004cb  TExaS_Clear6                           
000005b5  TExaS_Init                             
20000404  TExaS_ScopeErrConflict                 
20000400  TExaS_ScopeErrLostData                 
20000408  TExaS_ScopeWrnReconfig                 
00000413  TExaS_Set                              
0000042b  TExaS_Set0                             
00000437  TExaS_Set1                             
00000443  TExaS_Set2                             
0000044f  TExaS_Set3                             
0000045b  TExaS_Set4                             
0000045d  TExaS_Set5                             
00000475  TExaS_Set6                             
00000741  TExaS_Stop                             
000003c9  TExaS_Task0                            
000003d5  TExaS_Task1                            
000003e1  TExaS_Task2                            
000003ed  TExaS_Task3                            
000003f9  TExaS_Task4                            
000003fb  TExaS_Task5                            
00000407  TExaS_Task6                            
00000cbd  TimerA1_Init                           
00000ccb  TimerA1_Stop                           
00000c61  TimerA3Capture_Init01                  
00000c71  TimerA3Capture_Init02                  
0000039d  UART_InChar                            
00000343  UART_Init                              
000003ad  UART_OutChar                           
00000cf7  UsageFault_Handler                     
4000480c  WDTCTL_SYM                             
00000cf7  WDT_A_IRQHandler                       
00000c9b  WaitForInterrupt                       
20010000  __STACK_END                            
00000200  __STACK_SIZE                           
00000400  __SYSMEM_SIZE                          
00000d20  __TI_CINIT_Base                        
00000d30  __TI_CINIT_Limit                       
00000d00  __TI_Handler_Table_Base                
00000d0c  __TI_Handler_Table_Limit               
00000bdd  __TI_auto_init_nobinit_nopinit         
00000b75  __TI_decompress_lzss                   
00000cdd  __TI_decompress_none                   
ffffffff  __TI_pprof_out_hndl                    
ffffffff  __TI_prof_data_size                    
ffffffff  __TI_prof_data_start                   
00000000  __TI_static_base__                     
00000ca1  __TI_zero_init_nomemset                
00000ad9  __aeabi_memcpy                         
00000ad9  __aeabi_memcpy4                        
00000ad9  __aeabi_memcpy8                        
ffffffff  __binit__                              
ffffffff  __c_args__                             
UNDEFED   __mpu_init                             
2000fe00  __stack                                
20000000  __start___llvm_prf_cnts                
20000000  __stop___llvm_prf_cnts                 
00000c21  _c_int00_noargs                        
20000000  _sys_memory                            
UNDEFED   _system_post_cinit                     
00000cf9  _system_pre_init                       
00000cfd  abort                                  
ffffffff  binit                                  
00000000  interruptVectors                       
00000cd1  main                                   
00000ad9  memcpy                                 
00000c55  ta3dummy                               


GLOBAL SYMBOLS: SORTED BY Symbol Address 

address   name                                   
-------   ----                                   
00000000  __TI_static_base__                     
00000000  interruptVectors                       
000000e5  LogicAnalyzer                          
000000ef  LogicAnalyzer_P1                       
000000fd  LogicAnalyzer_P2                       
0000010b  LogicAnalyzer_P2_7654                  
0000011b  LogicAnalyzer_P3                       
00000129  LogicAnalyzer_P4                       
00000137  LogicAnalyzer_P4_765432                
00000147  LogicAnalyzer_P4_765320                
0000017f  LogicAnalyzer_P5                       
0000018d  LogicAnalyzer_P6                       
0000019b  LogicAnalyzer_P7                       
000001a9  LogicAnalyzer_P8                       
000001b7  LogicAnalyzer_P9                       
000001c5  LogicAnalyzer_P10                      
000001d3  LogicAnalyzer_P27_P26_P82_P92_P104_P105
00000200  __STACK_SIZE                           
0000020b  LogicAnalyzer_P55_P54_P27_P26_P37_P36  
00000235  Scope                                  
000002b9  PeriodicTask2_Init                     
00000323  T32_INT1_IRQHandler                    
00000323  T32_INT1_IRQHandler                    
00000333  PeriodicTask2_Stop                     
00000343  UART_Init                              
0000039d  UART_InChar                            
000003ad  UART_OutChar                           
000003c9  TExaS_Task0                            
000003d5  TExaS_Task1                            
000003e1  TExaS_Task2                            
000003ed  TExaS_Task3                            
000003f9  TExaS_Task4                            
000003fb  TExaS_Task5                            
00000400  __SYSMEM_SIZE                          
00000407  TExaS_Task6                            
00000413  TExaS_Set                              
0000042b  TExaS_Set0                             
00000437  TExaS_Set1                             
00000443  TExaS_Set2                             
0000044f  TExaS_Set3                             
0000045b  TExaS_Set4                             
0000045d  TExaS_Set5                             
00000475  TExaS_Set6                             
00000485  TExaS_Clear0                           
00000491  TExaS_Clear1                           
000004a5  TExaS_Clear2                           
000004b1  TExaS_Clear3                           
000004bd  TExaS_Clear4                           
000004bf  TExaS_Clear5                           
000004cb  TExaS_Clear6                           
000004f1  ADC_Init                               
000005b5  TExaS_Init                             
00000741  TExaS_Stop                             
000007ad  SystemCoreClockUpdate                  
00000a21  SystemInit                             
00000ad9  __aeabi_memcpy                         
00000ad9  __aeabi_memcpy4                        
00000ad9  __aeabi_memcpy8                        
00000ad9  memcpy                                 
00000b75  __TI_decompress_lzss                   
00000bdd  __TI_auto_init_nobinit_nopinit         
00000c21  _c_int00_noargs                        
00000c55  ta3dummy                               
00000c61  TimerA3Capture_Init01                  
00000c6d  TA3_0_IRQHandler                       
00000c6d  TA3_0_IRQHandler                       
00000c6f  TA3_N_IRQHandler                       
00000c6f  TA3_N_IRQHandler                       
00000c71  TimerA3Capture_Init02                  
00000c7d  DisableInterrupts                      
00000c83  EnableInterrupts                       
00000c89  StartCritical                          
00000c93  EndCritical                            
00000c9b  WaitForInterrupt                       
00000ca1  __TI_zero_init_nomemset                
00000cbd  TimerA1_Init                           
00000ccb  TimerA1_Stop                           
00000ccd  TA1_0_IRQHandler                       
00000ccd  TA1_0_IRQHandler                       
00000ccf  Controller                             
00000cd1  main                                   
00000cdd  __TI_decompress_none                   
00000ceb  Reset_Handler                          
00000cf7  ADC14_IRQHandler                       
00000cf7  AES256_IRQHandler                      
00000cf7  BusFault_Handler                       
00000cf7  COMP_E0_IRQHandler                     
00000cf7  COMP_E1_IRQHandler                     
00000cf7  CS_IRQHandler                          
00000cf7  DMA_ERR_IRQHandler                     
00000cf7  DMA_INT0_IRQHandler                    
00000cf7  DMA_INT1_IRQHandler                    
00000cf7  DMA_INT2_IRQHandler                    
00000cf7  DMA_INT3_IRQHandler                    
00000cf7  DebugMon_Handler                       
00000cf7  Default_Handler                        
00000cf7  EUSCIA0_IRQHandler                     
00000cf7  EUSCIA1_IRQHandler                     
00000cf7  EUSCIA2_IRQHandler                     
00000cf7  EUSCIA3_IRQHandler                     
00000cf7  EUSCIB0_IRQHandler                     
00000cf7  EUSCIB1_IRQHandler                     
00000cf7  EUSCIB2_IRQHandler                     
00000cf7  EUSCIB3_IRQHandler                     
00000cf7  FLCTL_IRQHandler                       
00000cf7  FPU_IRQHandler                         
00000cf7  HardFault_Handler                      
00000cf7  MemManage_Handler                      
00000cf7  NMI_Handler                            
00000cf7  PCM_IRQHandler                         
00000cf7  PORT1_IRQHandler                       
00000cf7  PORT2_IRQHandler                       
00000cf7  PORT3_IRQHandler                       
00000cf7  PORT4_IRQHandler                       
00000cf7  PORT5_IRQHandler                       
00000cf7  PORT6_IRQHandler                       
00000cf7  PSS_IRQHandler                         
00000cf7  PendSV_Handler                         
00000cf7  RTC_C_IRQHandler                       
00000cf7  SVC_Handler                            
00000cf7  SysTick_Handler                        
00000cf7  T32_INT2_IRQHandler                    
00000cf7  T32_INTC_IRQHandler                    
00000cf7  TA0_0_IRQHandler                       
00000cf7  TA0_N_IRQHandler                       
00000cf7  TA1_N_IRQHandler                       
00000cf7  TA2_0_IRQHandler                       
00000cf7  TA2_N_IRQHandler                       
00000cf7  UsageFault_Handler                     
00000cf7  WDT_A_IRQHandler                       
00000cf9  _system_pre_init                       
00000cfd  C$$EXIT                                
00000cfd  abort                                  
00000d00  __TI_Handler_Table_Base                
00000d0c  __TI_Handler_Table_Limit               
00000d20  __TI_CINIT_Base                        
00000d30  __TI_CINIT_Limit                       
20000000  __start___llvm_prf_cnts                
20000000  __stop___llvm_prf_cnts                 
20000000  _sys_memory                            
20000400  TExaS_ScopeErrLostData                 
20000404  TExaS_ScopeErrConflict                 
20000408  TExaS_ScopeWrnReconfig                 
2000040c  SystemCoreClock                        
20000410  PeriodicTask2                          
20000414  LogicData                              
2000fe00  __stack                                
20010000  __STACK_END                            
4000480c  WDTCTL_SYM                             
ffffffff  __TI_pprof_out_hndl                    
ffffffff  __TI_prof_data_size                    
ffffffff  __TI_prof_data_start                   
ffffffff  __binit__                              
ffffffff  __c_args__                             
ffffffff  binit                                  
UNDEFED   __mpu_init                             
UNDEFED   _system_post_cinit                     

[157 symbols]
