******************************************************************************
                  TI ARM Linker PC v20.2.7                     
******************************************************************************
>> Linked Tue Dec  3 21:17:12 2024

OUTPUT FILE NAME:   <PWMSine.out>
ENTRY POINT SYMBOL: "_c_int00_noargs"  address: 00000cad


MEMORY CONFIGURATION

         name            origin    length      used     unused   attr    fill
----------------------  --------  ---------  --------  --------  ----  --------
  MAIN                  00000000   00040000  00000dbc  0003f244  R  X
  INFO                  00200000   00004000  00000000  00004000  R  X
  SRAM_CODE             01000000   00010000  00000221  0000fddf  RW X
  SRAM_DATA             20000000   00010000  00000221  0000fddf  RW  


SEGMENT ALLOCATION MAP

run origin  load origin   length   init length attrs members
----------  ----------- ---------- ----------- ----- -------
00000000    00000000    00000dc0   00000dc0    r-x
  00000000    00000000    000000e4   000000e4    r-- .intvecs
  000000e4    000000e4    00000c60   00000c60    r-x .text
  00000d44    00000d44    00000040   00000040    r-- .const
  00000d88    00000d88    00000038   00000038    r-- .cinit
20000000    20000000    00000024   00000000    rw-
  20000000    20000000    0000001d   00000000    rw- .data
  20000020    20000020    00000004   00000000    rw- .bss
2000fe00    2000fe00    00000200   00000000    rw-
  2000fe00    2000fe00    00000200   00000000    rw- .stack


SECTION ALLOCATION MAP

 output                                  attributes/
section   page    origin      length       input sections
--------  ----  ----------  ----------   ----------------
.intvecs   0    00000000    000000e4     
                  00000000    000000e4     startup_msp432p401r_ccs.obj (.intvecs:retain)

.text      0    000000e4    00000c60     
                  000000e4    00000378     PWM.obj (.text)
                  0000045c    0000032c     system_msp432p401r.obj (.text)
                  00000788    000001e0     Clock.obj (.text)
                  00000968    000000f8     LaunchPad.obj (.text)
                  00000a60    000000a8     TimerA2.obj (.text)
                  00000b08    0000009c     rtsv7M4_T_le_v4SPD16_eabi.lib : memcpy_t2.asm.obj (.text)
                  00000ba4    00000068                                   : copy_decompress_lzss.c.obj (.text:decompress:lzss:__TI_decompress_lzss)
                  00000c0c    0000005c     PWMSine.obj (.text)
                  00000c68    00000044     rtsv7M4_T_le_v4SPD16_eabi.lib : autoinit.c.obj (.text:__TI_auto_init_nobinit_nopinit:__TI_auto_init_nobinit_nopinit)
                  00000cac    00000034                                   : boot_cortex_m.c.obj (.text:_c_int00_noargs:_c_int00_noargs)
                  00000ce0    00000024     CortexM.obj (.text)
                  00000d04    0000001c     rtsv7M4_T_le_v4SPD16_eabi.lib : copy_zero_init.c.obj (.text:decompress:ZI:__TI_zero_init_nomemset:__TI_zero_init_nomemset)
                  00000d20    0000000e                                   : copy_decompress_none.c.obj (.text:decompress:none:__TI_decompress_none)
                  00000d2e    0000000e     startup_msp432p401r_ccs.obj (.text)
                  00000d3c    00000004     rtsv7M4_T_le_v4SPD16_eabi.lib : pre_init.c.obj (.text:_system_pre_init)
                  00000d40    00000004                                   : exit.c.obj (.text:abort:abort)

.const     0    00000d44    00000040     
                  00000d44    00000040     PWMSine.obj (.const:Wave)

.cinit     0    00000d88    00000038     
                  00000d88    0000000d     (.cinit..data.load) [load image, compression = lzss]
                  00000d95    00000003     --HOLE-- [fill = 0]
                  00000d98    0000000c     (__TI_handler_table)
                  00000da4    00000004     --HOLE-- [fill = 0]
                  00000da8    00000008     (.cinit..bss.load) [load image, compression = zero_init]
                  00000db0    00000010     (__TI_cinit_table)

.init_array 
*          0    00000000    00000000     UNINITIALIZED

.binit     0    00000000    00000000     

.data      0    20000000    0000001d     UNINITIALIZED
                  20000000    00000018     Clock.obj (.data)
                  20000018    00000004     system_msp432p401r.obj (.data)
                  2000001c    00000001     PWMSine.obj (.data)

.bss       0    20000020    00000004     UNINITIALIZED
                  20000020    00000004     (.common:TimerA2Task)

.stack     0    2000fe00    00000200     UNINITIALIZED
                  2000fe00    00000004     rtsv7M4_T_le_v4SPD16_eabi.lib : boot_cortex_m.c.obj (.stack)
                  2000fe04    000001fc     --HOLE--

__llvm_prf_cnts 
*          0    20000000    00000000     UNINITIALIZED

MODULE SUMMARY

       Module                        code   ro data   rw data
       ------                        ----   -------   -------
    .\
       PWM.obj                       888    0         0      
       system_msp432p401r.obj        812    0         8      
       Clock.obj                     480    0         48     
       LaunchPad.obj                 248    0         0      
       startup_msp432p401r_ccs.obj   14     228       0      
       TimerA2.obj                   168    0         8      
       PWMSine.obj                   92     64        2      
       CortexM.obj                   36     0         0      
    +--+-----------------------------+------+---------+---------+
       Total:                        2738   292       66     
                                                             
    C:\ti\ccs1281\ccs\tools\compiler\ti-cgt-arm_20.2.7.LTS\lib\rtsv7M4_T_le_v4SPD16_eabi.lib
       memcpy_t2.asm.obj             156    0         0      
       copy_decompress_lzss.c.obj    104    0         0      
       autoinit.c.obj                68     0         0      
       boot_cortex_m.c.obj           52     0         0      
       copy_zero_init.c.obj          28     0         0      
       copy_decompress_none.c.obj    14     0         0      
       exit.c.obj                    4      0         0      
       pre_init.c.obj                4      0         0      
    +--+-----------------------------+------+---------+---------+
       Total:                        430    0         0      
                                                             
       Stack:                        0      0         1024   
       Linker Generated:             0      49        0      
    +--+-----------------------------+------+---------+---------+
       Grand Total:                  3168   341       1090   


LINKER GENERATED COPY TABLES

__TI_cinit_table @ 00000db0 records: 2, size/record: 8, table size: 16
	.data: load addr=00000d88, load size=0000000d bytes, run addr=20000000, run size=0000001d bytes, compression=lzss
	.bss: load addr=00000da8, load size=00000008 bytes, run addr=20000020, run size=00000004 bytes, compression=zero_init


LINKER GENERATED HANDLER TABLE

__TI_handler_table @ 00000d98 records: 3, size/record: 4, table size: 12
	index: 0, handler: __TI_decompress_lzss
	index: 1, handler: __TI_decompress_none
	index: 2, handler: __TI_zero_init


GLOBAL SYMBOLS: SORTED ALPHABETICALLY BY Name 

address   name                          
-------   ----                          
00000d3b  ADC14_IRQHandler              
00000d3b  AES256_IRQHandler             
00000d3b  BusFault_Handler              
00000d41  C$$EXIT                       
00000d3b  COMP_E0_IRQHandler            
00000d3b  COMP_E1_IRQHandler            
20000008  CPMwait                       
00000d3b  CS_IRQHandler                 
20000000  ClockFrequency                
000008dd  Clock_Delay1ms                
000008b3  Clock_Delay1us                
0000089f  Clock_GetFreq                 
00000789  Clock_Init48MHz               
20000014  Crystalstable                 
00000d3b  DMA_ERR_IRQHandler            
00000d3b  DMA_INT0_IRQHandler           
00000d3b  DMA_INT1_IRQHandler           
00000d3b  DMA_INT2_IRQHandler           
00000d3b  DMA_INT3_IRQHandler           
00000d3b  DebugMon_Handler              
00000d3b  Default_Handler               
00000ce1  DisableInterrupts             
00000d3b  EUSCIA0_IRQHandler            
00000d3b  EUSCIA1_IRQHandler            
00000d3b  EUSCIA2_IRQHandler            
00000d3b  EUSCIA3_IRQHandler            
00000d3b  EUSCIB0_IRQHandler            
00000d3b  EUSCIB1_IRQHandler            
00000d3b  EUSCIB2_IRQHandler            
00000d3b  EUSCIB3_IRQHandler            
00000ce7  EnableInterrupts              
00000cf7  EndCritical                   
00000d3b  FLCTL_IRQHandler              
00000d3b  FPU_IRQHandler                
00000d3b  HardFault_Handler             
20000010  IFlags                        
00000969  LaunchPad_Init                
000009d9  LaunchPad_Input               
000009f7  LaunchPad_LED                 
00000a15  LaunchPad_Output              
00000d3b  MemManage_Handler             
00000d3b  NMI_Handler                   
00000c0d  OutputSineWave                
00000d3b  PCM_IRQHandler                
00000d3b  PORT1_IRQHandler              
00000d3b  PORT2_IRQHandler              
00000d3b  PORT3_IRQHandler              
00000d3b  PORT4_IRQHandler              
00000d3b  PORT5_IRQHandler              
00000d3b  PORT6_IRQHandler              
00000d3b  PSS_IRQHandler                
000001cf  PWM_Duty1                     
000001ef  PWM_Duty2                     
00000223  PWM_Duty3                     
0000022f  PWM_Duty4                     
000000e5  PWM_Init1                     
0000014b  PWM_Init12                    
0000020f  PWM_Init34                    
00000363  PWM_RobotArmDuty0             
00000389  PWM_RobotArmDuty1             
000003af  PWM_RobotArmDuty2             
00000383  PWM_RobotArmGetDuty0          
000003a9  PWM_RobotArmGetDuty1          
000003cf  PWM_RobotArmGetDuty2          
0000023b  PWM_RobotArmInit              
00000d3b  PendSV_Handler                
2000000c  Postwait                      
20000004  Prewait                       
00000d3b  RTC_C_IRQHandler              
00000d2f  Reset_Handler                 
00000d3b  SVC_Handler                   
00000ced  StartCritical                 
00000d3b  SysTick_Handler               
20000018  SystemCoreClock               
0000045d  SystemCoreClockUpdate         
000006d1  SystemInit                    
00000d3b  T32_INT1_IRQHandler           
00000d3b  T32_INT2_IRQHandler           
00000d3b  T32_INTC_IRQHandler           
00000d3b  TA0_0_IRQHandler              
00000d3b  TA0_N_IRQHandler              
00000d3b  TA1_0_IRQHandler              
00000d3b  TA1_N_IRQHandler              
00000ad3  TA2_0_IRQHandler              
00000ad3  TA2_0_IRQHandler              
00000d3b  TA2_N_IRQHandler              
00000d3b  TA3_0_IRQHandler              
00000d3b  TA3_N_IRQHandler              
20000020  TimerA2Task                   
00000a61  TimerA2_Init                  
00000abf  TimerA2_Stop                  
00000d3b  UsageFault_Handler            
4000480c  WDTCTL_SYM                    
00000d3b  WDT_A_IRQHandler              
00000cff  WaitForInterrupt              
00000d44  Wave                          
20010000  __STACK_END                   
00000200  __STACK_SIZE                  
00000db0  __TI_CINIT_Base               
00000dc0  __TI_CINIT_Limit              
00000d98  __TI_Handler_Table_Base       
00000da4  __TI_Handler_Table_Limit      
00000c69  __TI_auto_init_nobinit_nopinit
00000ba5  __TI_decompress_lzss          
00000d21  __TI_decompress_none          
ffffffff  __TI_pprof_out_hndl           
ffffffff  __TI_prof_data_size           
ffffffff  __TI_prof_data_start          
00000000  __TI_static_base__            
00000d05  __TI_zero_init_nomemset       
00000b09  __aeabi_memcpy                
00000b09  __aeabi_memcpy4               
00000b09  __aeabi_memcpy8               
ffffffff  __binit__                     
ffffffff  __c_args__                    
UNDEFED   __mpu_init                    
2000fe00  __stack                       
20000000  __start___llvm_prf_cnts       
20000000  __stop___llvm_prf_cnts        
00000cad  _c_int00_noargs               
UNDEFED   _system_post_cinit            
00000d3d  _system_pre_init              
00000d41  abort                         
ffffffff  binit                         
000008a5  delay                         
00000000  interruptVectors              
00000c37  main                          
00000b09  memcpy                        


GLOBAL SYMBOLS: SORTED BY Symbol Address 

address   name                          
-------   ----                          
00000000  __TI_static_base__            
00000000  interruptVectors              
000000e5  PWM_Init1                     
0000014b  PWM_Init12                    
000001cf  PWM_Duty1                     
000001ef  PWM_Duty2                     
00000200  __STACK_SIZE                  
0000020f  PWM_Init34                    
00000223  PWM_Duty3                     
0000022f  PWM_Duty4                     
0000023b  PWM_RobotArmInit              
00000363  PWM_RobotArmDuty0             
00000383  PWM_RobotArmGetDuty0          
00000389  PWM_RobotArmDuty1             
000003a9  PWM_RobotArmGetDuty1          
000003af  PWM_RobotArmDuty2             
000003cf  PWM_RobotArmGetDuty2          
0000045d  SystemCoreClockUpdate         
000006d1  SystemInit                    
00000789  Clock_Init48MHz               
0000089f  Clock_GetFreq                 
000008a5  delay                         
000008b3  Clock_Delay1us                
000008dd  Clock_Delay1ms                
00000969  LaunchPad_Init                
000009d9  LaunchPad_Input               
000009f7  LaunchPad_LED                 
00000a15  LaunchPad_Output              
00000a61  TimerA2_Init                  
00000abf  TimerA2_Stop                  
00000ad3  TA2_0_IRQHandler              
00000ad3  TA2_0_IRQHandler              
00000b09  __aeabi_memcpy                
00000b09  __aeabi_memcpy4               
00000b09  __aeabi_memcpy8               
00000b09  memcpy                        
00000ba5  __TI_decompress_lzss          
00000c0d  OutputSineWave                
00000c37  main                          
00000c69  __TI_auto_init_nobinit_nopinit
00000cad  _c_int00_noargs               
00000ce1  DisableInterrupts             
00000ce7  EnableInterrupts              
00000ced  StartCritical                 
00000cf7  EndCritical                   
00000cff  WaitForInterrupt              
00000d05  __TI_zero_init_nomemset       
00000d21  __TI_decompress_none          
00000d2f  Reset_Handler                 
00000d3b  ADC14_IRQHandler              
00000d3b  AES256_IRQHandler             
00000d3b  BusFault_Handler              
00000d3b  COMP_E0_IRQHandler            
00000d3b  COMP_E1_IRQHandler            
00000d3b  CS_IRQHandler                 
00000d3b  DMA_ERR_IRQHandler            
00000d3b  DMA_INT0_IRQHandler           
00000d3b  DMA_INT1_IRQHandler           
00000d3b  DMA_INT2_IRQHandler           
00000d3b  DMA_INT3_IRQHandler           
00000d3b  DebugMon_Handler              
00000d3b  Default_Handler               
00000d3b  EUSCIA0_IRQHandler            
00000d3b  EUSCIA1_IRQHandler            
00000d3b  EUSCIA2_IRQHandler            
00000d3b  EUSCIA3_IRQHandler            
00000d3b  EUSCIB0_IRQHandler            
00000d3b  EUSCIB1_IRQHandler            
00000d3b  EUSCIB2_IRQHandler            
00000d3b  EUSCIB3_IRQHandler            
00000d3b  FLCTL_IRQHandler              
00000d3b  FPU_IRQHandler                
00000d3b  HardFault_Handler             
00000d3b  MemManage_Handler             
00000d3b  NMI_Handler                   
00000d3b  PCM_IRQHandler                
00000d3b  PORT1_IRQHandler              
00000d3b  PORT2_IRQHandler              
00000d3b  PORT3_IRQHandler              
00000d3b  PORT4_IRQHandler              
00000d3b  PORT5_IRQHandler              
00000d3b  PORT6_IRQHandler              
00000d3b  PSS_IRQHandler                
00000d3b  PendSV_Handler                
00000d3b  RTC_C_IRQHandler              
00000d3b  SVC_Handler                   
00000d3b  SysTick_Handler               
00000d3b  T32_INT1_IRQHandler           
00000d3b  T32_INT2_IRQHandler           
00000d3b  T32_INTC_IRQHandler           
00000d3b  TA0_0_IRQHandler              
00000d3b  TA0_N_IRQHandler              
00000d3b  TA1_0_IRQHandler              
00000d3b  TA1_N_IRQHandler              
00000d3b  TA2_N_IRQHandler              
00000d3b  TA3_0_IRQHandler              
00000d3b  TA3_N_IRQHandler              
00000d3b  UsageFault_Handler            
00000d3b  WDT_A_IRQHandler              
00000d3d  _system_pre_init              
00000d41  C$$EXIT                       
00000d41  abort                         
00000d44  Wave                          
00000d98  __TI_Handler_Table_Base       
00000da4  __TI_Handler_Table_Limit      
00000db0  __TI_CINIT_Base               
00000dc0  __TI_CINIT_Limit              
20000000  ClockFrequency                
20000000  __start___llvm_prf_cnts       
20000000  __stop___llvm_prf_cnts        
20000004  Prewait                       
20000008  CPMwait                       
2000000c  Postwait                      
20000010  IFlags                        
20000014  Crystalstable                 
20000018  SystemCoreClock               
20000020  TimerA2Task                   
2000fe00  __stack                       
20010000  __STACK_END                   
4000480c  WDTCTL_SYM                    
ffffffff  __TI_pprof_out_hndl           
ffffffff  __TI_prof_data_size           
ffffffff  __TI_prof_data_start          
ffffffff  __binit__                     
ffffffff  __c_args__                    
ffffffff  binit                         
UNDEFED   __mpu_init                    
UNDEFED   _system_post_cinit            

[128 symbols]
